13:20:36 **** Build of project mem_test_bsp ****
make -k all 
libgen -hw ../hw_platform_0/system.xml\
	       \
	       -pe ps7_cortexa9_0 \
	       -log libgen.log \
	       system.mss
libgen
Xilinx EDK 2013.4 Build EDK_2013.4.20131205
Copyright (c) 1995-2012 Xilinx, Inc.  All rights reserved.

Command Line: libgen -hw ../hw_platform_0/system.xml -pe ps7_cortexa9_0 -log
libgen.log system.mss 


Staging source files.
Running DRCs.
Running generate.
Running post_generate.
Running include - 'make -s include "COMPILER=arm-xilinx-eabi-gcc"
"ARCHIVER=arm-xilinx-eabi-ar" "COMPILER_FLAGS= -O2 -c"
"EXTRA_COMPILER_FLAGS=-g"'.

Running libs - 'make -s libs "COMPILER=arm-xilinx-eabi-gcc"
"ARCHIVER=arm-xilinx-eabi-ar" "COMPILER_FLAGS= -O2 -c"
"EXTRA_COMPILER_FLAGS=-g"'.
"Compiling standalone"
arm-xilinx-eabi-ar: creating ../../../lib/libxil.a
"Compiling devcfg"
"Compiling dmaps"
"Compiling scugic"
"Compiling scutimer"
"Compiling scuwdt"
"Compiling uartps"
"Compiling xadcps"
"Compiling cpu_cortexa9"
Running execs_generate.
'Finished building libraries'
13:20:56 **** Build of configuration Debug for project mem_test ****
make all 
'Building file: ../src/memory_config_g.c'
'Invoking: ARM gcc compiler'
arm-xilinx-eabi-gcc -Wall -O0 -g3 -c -fmessage-length=0 -I../../mem_test_bsp/ps7_cortexa9_0/include -MMD -MP -MF"src/memory_config_g.d" -MT"src/memory_config_g.d" -o "src/memory_config_g.o" "../src/memory_config_g.c"
'Finished building: ../src/memory_config_g.c'
' '
'Building file: ../src/memorytest.c'
'Invoking: ARM gcc compiler'
arm-xilinx-eabi-gcc -Wall -O0 -g3 -c -fmessage-length=0 -I../../mem_test_bsp/ps7_cortexa9_0/include -MMD -MP -MF"src/memorytest.d" -MT"src/memorytest.d" -o "src/memorytest.o" "../src/memorytest.c"
'Finished building: ../src/memorytest.c'
' '
'Building file: ../src/platform.c'
'Invoking: ARM gcc compiler'
arm-xilinx-eabi-gcc -Wall -O0 -g3 -c -fmessage-length=0 -I../../mem_test_bsp/ps7_cortexa9_0/include -MMD -MP -MF"src/platform.d" -MT"src/platform.d" -o "src/platform.o" "../src/platform.c"
'Finished building: ../src/platform.c'
' '
'Building target: mem_test.elf'
'Invoking: ARM gcc linker'
arm-xilinx-eabi-gcc -Wl,-T -Wl,../src/lscript.ld -L../../mem_test_bsp/ps7_cortexa9_0/lib -o "mem_test.elf"  ./src/memory_config_g.o ./src/memorytest.o ./src/platform.o   -Wl,--start-group,-lxil,-lgcc,-lc,--end-group
'Finished building target: mem_test.elf'
' '
'Invoking: ARM Print Size'
arm-xilinx-eabi-size mem_test.elf  |tee "mem_test.elf.size"
   text	   data	    bss	    dec	    hex	filename
  26136	   1136	  14436	  41708	   a2ec	mem_test.elf
'Finished building: mem_test.elf.size'
' '
13:23:06 **** Incremental Build of configuration Debug for project mem_test ****
make all 
make: Nothing to be done for `all'.
07:35:56 **** Auto Build of project mem_test_bsp ****
make -k all 
libgen -hw ../hw_platform_0/system.xml\
	       \
	       -pe ps7_cortexa9_0 \
	       -log libgen.log \
	       system.mss
libgen
Xilinx EDK 2013.4 Build EDK_2013.4.20131205
Copyright (c) 1995-2012 Xilinx, Inc.  All rights reserved.

Command Line: libgen -hw ../hw_platform_0/system.xml -pe ps7_cortexa9_0 -log
libgen.log system.mss 


Staging source files.
Running DRCs.
Running generate.
Running post_generate.
Running include - 'make -s include "COMPILER=arm-xilinx-eabi-gcc"
"ARCHIVER=arm-xilinx-eabi-ar" "COMPILER_FLAGS= -O2 -c"
"EXTRA_COMPILER_FLAGS=-g"'.

Running libs - 'make -s libs "COMPILER=arm-xilinx-eabi-gcc"
"ARCHIVER=arm-xilinx-eabi-ar" "COMPILER_FLAGS= -O2 -c"
"EXTRA_COMPILER_FLAGS=-g"'.
"Compiling common"
arm-xilinx-eabi-ar: creating ../../../lib/libxil.a
"Compiling standalone"
"Compiling gpio"
"Compiling devcfg"
"Compiling dmaps"
"Compiling scugic"
"Compiling scutimer"
"Compiling scuwdt"
"Compiling uartps"
"Compiling xadcps"
"Compiling cpu_cortexa9"
Running execs_generate.
'Finished building libraries'
07:36:21 **** Auto Build of configuration Debug for project mem_test ****
make all 
make: Nothing to be done for `all'.
07:36:25 **** Clean-only build of project mem_test_bsp ****
make -k clean 
rm -rf ps7_cortexa9_0
07:36:26 **** Clean-only build of configuration Debug for project mem_test ****
make clean 
rm -rf  ./src/memory_config_g.o ./src/memorytest.o ./src/platform.o  ./src/memory_config_g.d ./src/memorytest.d ./src/platform.d  mem_test.elf.size  mem_test.elf
' '
07:36:26 **** Build of project mem_test_bsp ****
make -k all 
libgen -hw ../hw_platform_0/system.xml\
	       \
	       -pe ps7_cortexa9_0 \
	       -log libgen.log \
	       system.mss
libgen
Xilinx EDK 2013.4 Build EDK_2013.4.20131205
Copyright (c) 1995-2012 Xilinx, Inc.  All rights reserved.

Command Line: libgen -hw ../hw_platform_0/system.xml -pe ps7_cortexa9_0 -log
libgen.log system.mss 


Staging source files.
Running DRCs.
Running generate.
Running post_generate.
Running include - 'make -s include "COMPILER=arm-xilinx-eabi-gcc"
"ARCHIVER=arm-xilinx-eabi-ar" "COMPILER_FLAGS= -O2 -c"
"EXTRA_COMPILER_FLAGS=-g"'.

Running libs - 'make -s libs "COMPILER=arm-xilinx-eabi-gcc"
"ARCHIVER=arm-xilinx-eabi-ar" "COMPILER_FLAGS= -O2 -c"
"EXTRA_COMPILER_FLAGS=-g"'.
"Compiling common"
arm-xilinx-eabi-ar: creating ../../../lib/libxil.a
"Compiling standalone"
"Compiling gpio"
"Compiling devcfg"
"Compiling dmaps"
"Compiling scugic"
"Compiling scutimer"
"Compiling scuwdt"
"Compiling uartps"
"Compiling xadcps"
"Compiling cpu_cortexa9"
Running execs_generate.
'Finished building libraries'
07:36:47 **** Build of configuration Debug for project mem_test ****
make all 
'Building file: ../src/memory_config_g.c'
'Invoking: ARM gcc compiler'
arm-xilinx-eabi-gcc -Wall -O0 -g3 -c -fmessage-length=0 -I../../mem_test_bsp/ps7_cortexa9_0/include -MMD -MP -MF"src/memory_config_g.d" -MT"src/memory_config_g.d" -o "src/memory_config_g.o" "../src/memory_config_g.c"
'Finished building: ../src/memory_config_g.c'
' '
'Building file: ../src/memorytest.c'
'Invoking: ARM gcc compiler'
arm-xilinx-eabi-gcc -Wall -O0 -g3 -c -fmessage-length=0 -I../../mem_test_bsp/ps7_cortexa9_0/include -MMD -MP -MF"src/memorytest.d" -MT"src/memorytest.d" -o "src/memorytest.o" "../src/memorytest.c"
'Finished building: ../src/memorytest.c'
' '
'Building file: ../src/platform.c'
'Invoking: ARM gcc compiler'
arm-xilinx-eabi-gcc -Wall -O0 -g3 -c -fmessage-length=0 -I../../mem_test_bsp/ps7_cortexa9_0/include -MMD -MP -MF"src/platform.d" -MT"src/platform.d" -o "src/platform.o" "../src/platform.c"
'Finished building: ../src/platform.c'
' '
'Building target: mem_test.elf'
'Invoking: ARM gcc linker'
arm-xilinx-eabi-gcc -Wl,-T -Wl,../src/lscript.ld -L../../mem_test_bsp/ps7_cortexa9_0/lib -o "mem_test.elf"  ./src/memory_config_g.o ./src/memorytest.o ./src/platform.o   -Wl,--start-group,-lxil,-lgcc,-lc,--end-group
'Finished building target: mem_test.elf'
' '
'Invoking: ARM Print Size'
arm-xilinx-eabi-size mem_test.elf  |tee "mem_test.elf.size"
   text	   data	    bss	    dec	    hex	filename
  26136	   1136	  14436	  41708	   a2ec	mem_test.elf
'Finished building: mem_test.elf.size'
' '
07:38:43 **** Build of project standalone_bsp_0 ****
make -k all 
libgen -hw ../hw_platform_0/system.xml\
	       \
	       -pe ps7_cortexa9_0 \
	       -log libgen.log \
	       system.mss
libgen
Xilinx EDK 2013.4 Build EDK_2013.4.20131205
Copyright (c) 1995-2012 Xilinx, Inc.  All rights reserved.

Command Line: libgen -hw ../hw_platform_0/system.xml -pe ps7_cortexa9_0 -log
libgen.log system.mss 


Staging source files.
Running DRCs.
Running generate.
Running post_generate.
Running include - 'make -s include "COMPILER=arm-xilinx-eabi-gcc"
"ARCHIVER=arm-xilinx-eabi-ar" "COMPILER_FLAGS= -O2 -c"
"EXTRA_COMPILER_FLAGS=-g"'.

Running libs - 'make -s libs "COMPILER=arm-xilinx-eabi-gcc"
"ARCHIVER=arm-xilinx-eabi-ar" "COMPILER_FLAGS= -O2 -c"
"EXTRA_COMPILER_FLAGS=-g"'.
"Compiling common"
arm-xilinx-eabi-ar: creating ../../../lib/libxil.a
"Compiling standalone"
"Compiling gpio"
"Compiling devcfg"
"Compiling dmaps"
"Compiling scugic"
"Compiling scutimer"
"Compiling scuwdt"
"Compiling uartps"
"Compiling xadcps"
"Compiling cpu_cortexa9"
Running execs_generate.
'Finished building libraries'

**** Build of configuration Debug for project TestApp ****

Nothing to build for project TestApp
07:44:45 **** Auto Build of configuration Debug for project TestApp ****
make all 
'Building file: ../src/lab2.c'
'Invoking: ARM gcc compiler'
arm-xilinx-eabi-gcc -Wall -O0 -g3 -c -fmessage-length=0 -I../../standalone_bsp_0/ps7_cortexa9_0/include -MMD -MP -MF"src/lab2.d" -MT"src/lab2.d" -o "src/lab2.o" "../src/lab2.c"
../src/lab2.c: In function 'main':
../src/lab2.c:16:28: error: 'XPAR_SW_8BIT_DEVICE_ID' undeclared (first use in this function)
../src/lab2.c:16:28: note: each undeclared identifier is reported only once for each function it appears in
../src/lab2.c:19:26: error: 'XPAR_BTNS_5BIT_DEVICE_ID' undeclared (first use in this function)
make: *** [src/lab2.o] Error 1
07:45:34 **** Auto Build of configuration Debug for project TestApp ****
make all 
'Building file: ../src/lab2.c'
'Invoking: ARM gcc compiler'
arm-xilinx-eabi-gcc -Wall -O0 -g3 -c -fmessage-length=0 -I../../standalone_bsp_0/ps7_cortexa9_0/include -MMD -MP -MF"src/lab2.d" -MT"src/lab2.d" -o "src/lab2.o" "../src/lab2.c"
'Finished building: ../src/lab2.c'
' '
'Building target: TestApp.elf'
'Invoking: ARM gcc linker'
arm-xilinx-eabi-gcc -Wl,-T -Wl,../src/lscript.ld -L../../standalone_bsp_0/ps7_cortexa9_0/lib -o "TestApp.elf"  ./src/lab2.o   -Wl,--start-group,-lxil,-lgcc,-lc,--end-group
'Finished building target: TestApp.elf'
' '
'Invoking: ARM Print Size'
arm-xilinx-eabi-size TestApp.elf  |tee "TestApp.elf.size"
   text	   data	    bss	    dec	    hex	filename
  23820	   1136	  22628	  47584	   b9e0	TestApp.elf
'Finished building: TestApp.elf.size'
' '
07:54:44 **** Incremental Build of configuration Debug for project TestApp ****
make all 
make: Nothing to be done for `all'.
09:37:46 **** Auto Build of project standalone_bsp_0 ****
make -k all 
'Finished building libraries'
09:37:52 **** Auto Build of project standalone_bsp_0 ****
make -k all 
'Finished building libraries'
09:40:25 **** Incremental Build of configuration Debug for project TestApp ****
make all 
make: Nothing to be done for `all'.
09:42:42 **** Incremental Build of configuration Debug for project TestApp ****
make all 
make: Nothing to be done for `all'.
09:44:30 **** Auto Build of project standalone_bsp_0 ****
make -k all 
libgen -hw ../hw_platform_0/system.xml\
	       \
	       -pe ps7_cortexa9_0 \
	       -log libgen.log \
	       system.mss
libgen
Xilinx EDK 2013.4 Build EDK_2013.4.20131205
Copyright (c) 1995-2012 Xilinx, Inc.  All rights reserved.

Command Line: libgen -hw ../hw_platform_0/system.xml -pe ps7_cortexa9_0 -log
libgen.log system.mss 


Staging source files.
Running DRCs.
Running generate.
Running post_generate.
Running include - 'make -s include "COMPILER=arm-xilinx-eabi-gcc"
"ARCHIVER=arm-xilinx-eabi-ar" "COMPILER_FLAGS= -O2 -c"
"EXTRA_COMPILER_FLAGS=-g"'.

Running libs - 'make -s libs "COMPILER=arm-xilinx-eabi-gcc"
"ARCHIVER=arm-xilinx-eabi-ar" "COMPILER_FLAGS= -O2 -c"
"EXTRA_COMPILER_FLAGS=-g"'.
"Compiling common"
arm-xilinx-eabi-ar: creating ../../../lib/libxil.a
"Compiling standalone"
"Compiling gpio"
"Compiling devcfg"
"Compiling dmaps"
"Compiling scugic"
"Compiling scutimer"
"Compiling scuwdt"
"Compiling uartps"
"Compiling xadcps"
"Compiling cpu_cortexa9"
Running execs_generate.
'Finished building libraries'
09:47:05 **** Auto Build of project standalone_bsp_0 ****
make -k all 
'Finished building libraries'
09:47:08 **** Auto Build of configuration Debug for project TestApp ****
make all 
make: Nothing to be done for `all'.
09:49:12 **** Incremental Build of configuration Debug for project TestApp ****
make all 
make: Nothing to be done for `all'.
09:50:36 **** Auto Build of configuration Debug for project TestApp ****
make all 
make: Nothing to be done for `all'.
09:52:16 **** Build of project standalone_bsp_0 ****
make -k all 
libgen -hw ../hw_platform_0/system.xml\
	       \
	       -pe ps7_cortexa9_0 \
	       -log libgen.log \
	       system.mss
libgen
Xilinx EDK 2013.4 Build EDK_2013.4.20131205
Copyright (c) 1995-2012 Xilinx, Inc.  All rights reserved.

Command Line: libgen -hw ../hw_platform_0/system.xml -pe ps7_cortexa9_0 -log
libgen.log system.mss 


Staging source files.
Running DRCs.
Running generate.
Running post_generate.
Running include - 'make -s include "COMPILER=arm-xilinx-eabi-gcc"
"ARCHIVER=arm-xilinx-eabi-ar" "COMPILER_FLAGS= -O2 -c"
"EXTRA_COMPILER_FLAGS=-g"'.

Running libs - 'make -s libs "COMPILER=arm-xilinx-eabi-gcc"
"ARCHIVER=arm-xilinx-eabi-ar" "COMPILER_FLAGS= -O2 -c"
"EXTRA_COMPILER_FLAGS=-g"'.
"Compiling common"
arm-xilinx-eabi-ar: creating ../../../lib/libxil.a
"Compiling standalone"
"Compiling gpio"
"Compiling devcfg"
"Compiling dmaps"
"Compiling scugic"
"Compiling scutimer"
"Compiling scuwdt"
"Compiling uartps"
"Compiling xadcps"
"Compiling cpu_cortexa9"
Running execs_generate.
'Finished building libraries'

**** Build of configuration Debug for project TestApp ****

Nothing to build for project TestApp
09:57:05 **** Auto Build of configuration Debug for project TestApp ****
make all 
'Building file: ../src/lab2.c'
'Invoking: ARM gcc compiler'
arm-xilinx-eabi-gcc -Wall -O0 -g3 -c -fmessage-length=0 -I../../standalone_bsp_0/ps7_cortexa9_0/include -MMD -MP -MF"src/lab2.d" -MT"src/lab2.d" -o "src/lab2.o" "../src/lab2.c"
'Finished building: ../src/lab2.c'
' '
'Building target: TestApp.elf'
'Invoking: ARM gcc linker'
arm-xilinx-eabi-gcc -Wl,-T -Wl,../src/lscript.ld -L../../standalone_bsp_0/ps7_cortexa9_0/lib -o "TestApp.elf"  ./src/lab2.o   -Wl,--start-group,-lxil,-lgcc,-lc,--end-group
'Finished building target: TestApp.elf'
' '
'Invoking: ARM Print Size'
arm-xilinx-eabi-size TestApp.elf  |tee "TestApp.elf.size"
   text	   data	    bss	    dec	    hex	filename
  23820	   1136	  22628	  47584	   b9e0	TestApp.elf
'Finished building: TestApp.elf.size'
' '
09:59:25 **** Incremental Build of configuration Debug for project TestApp ****
make all 
make: Nothing to be done for `all'.
13:37:06 **** Auto Build of project standalone_bsp_0 ****
make -k all 
'Finished building libraries'
13:37:18 **** Auto Build of project standalone_bsp_0 ****
make -k all 
libgen -hw ../hw_platform_0/system.xml\
	       \
	       -pe ps7_cortexa9_0 \
	       -log libgen.log \
	       system.mss
libgen
Xilinx EDK 2013.4 Build EDK_2013.4.20131205
Copyright (c) 1995-2012 Xilinx, Inc.  All rights reserved.

Command Line: libgen -hw ../hw_platform_0/system.xml -pe ps7_cortexa9_0 -log
libgen.log system.mss 


Staging source files.
Running DRCs.
Running generate.
Running post_generate.
Running include - 'make -s include "COMPILER=arm-xilinx-eabi-gcc"
"ARCHIVER=arm-xilinx-eabi-ar" "COMPILER_FLAGS= -O2 -c"
"EXTRA_COMPILER_FLAGS=-g"'.

Running libs - 'make -s libs "COMPILER=arm-xilinx-eabi-gcc"
"ARCHIVER=arm-xilinx-eabi-ar" "COMPILER_FLAGS= -O2 -c"
"EXTRA_COMPILER_FLAGS=-g"'.
"Compiling common"
arm-xilinx-eabi-ar: creating ../../../lib/libxil.a
"Compiling standalone"
"Compiling gpio"
"Compiling devcfg"
"Compiling dmaps"
"Compiling scugic"
"Compiling scutimer"
"Compiling scuwdt"
"Compiling uartps"
"Compiling xadcps"
"Compiling cpu_cortexa9"
Running execs_generate.
'Finished building libraries'
13:39:16 **** Auto Build of configuration Debug for project TestApp ****
make all 
make: Nothing to be done for `all'.
13:40:57 **** Incremental Build of configuration Debug for project TestApp ****
make all 
make: Nothing to be done for `all'.
12:30:08 **** Auto Build of project standalone_bsp_0 ****
make -k all 
'Finished building libraries'
12:30:10 **** Auto Build of project standalone_bsp_0 ****
make -k all 
'Finished building libraries'
12:30:15 **** Auto Build of configuration Debug for project TestApp ****
make all 
make: Nothing to be done for `all'.
12:30:59 **** Build of project standalone_bsp_0 ****
make -k all 
libgen -hw ../hw_platform_0/system.xml\
	       \
	       -pe ps7_cortexa9_0 \
	       -log libgen.log \
	       system.mss
libgen
Xilinx EDK 2013.4 Build EDK_2013.4.20131205
Copyright (c) 1995-2012 Xilinx, Inc.  All rights reserved.

Command Line: libgen -hw ../hw_platform_0/system.xml -pe ps7_cortexa9_0 -log
libgen.log system.mss 


Staging source files.
Running DRCs.
Running generate.
Running post_generate.
Running include - 'make -s include "COMPILER=arm-xilinx-eabi-gcc"
"ARCHIVER=arm-xilinx-eabi-ar" "COMPILER_FLAGS= -O2 -c"
"EXTRA_COMPILER_FLAGS=-g"'.

Running libs - 'make -s libs "COMPILER=arm-xilinx-eabi-gcc"
"ARCHIVER=arm-xilinx-eabi-ar" "COMPILER_FLAGS= -O2 -c"
"EXTRA_COMPILER_FLAGS=-g"'.
"Compiling common"
arm-xilinx-eabi-ar: creating ../../../lib/libxil.a
"Compiling standalone"
"Compiling gpio"
"Compiling devcfg"
"Compiling dmaps"
"Compiling scugic"
"Compiling scutimer"
"Compiling scuwdt"
"Compiling uartps"
"Compiling xadcps"
"Compiling cpu_cortexa9"
Running execs_generate.
'Finished building libraries'
12:32:32 **** Build of configuration Debug for project cxw ****
make all 
'Building file: ../src/helloworld.c'
'Invoking: ARM gcc compiler'
arm-xilinx-eabi-gcc -Wall -O0 -g3 -c -fmessage-length=0 -I../../standalone_bsp_0/ps7_cortexa9_0/include -MMD -MP -MF"src/helloworld.d" -MT"src/helloworld.d" -o "src/helloworld.o" "../src/helloworld.c"
'Finished building: ../src/helloworld.c'
' '
'Building file: ../src/platform.c'
'Invoking: ARM gcc compiler'
arm-xilinx-eabi-gcc -Wall -O0 -g3 -c -fmessage-length=0 -I../../standalone_bsp_0/ps7_cortexa9_0/include -MMD -MP -MF"src/platform.d" -MT"src/platform.d" -o "src/platform.o" "../src/platform.c"
'Finished building: ../src/platform.c'
' '
'Building target: cxw.elf'
'Invoking: ARM gcc linker'
arm-xilinx-eabi-gcc -Wl,-T -Wl,../src/lscript.ld -L../../standalone_bsp_0/ps7_cortexa9_0/lib -o "cxw.elf"  ./src/helloworld.o ./src/platform.o   -Wl,--start-group,-lxil,-lgcc,-lc,--end-group
'Finished building target: cxw.elf'
' '
'Invoking: ARM Print Size'
arm-xilinx-eabi-size cxw.elf  |tee "cxw.elf.size"
   text	   data	    bss	    dec	    hex	filename
  22872	   1096	  22612	  46580	   b5f4	cxw.elf
'Finished building: cxw.elf.size'
' '
12:33:02 **** Auto Build of configuration Debug for project cxw ****
make all 
'Building file: ../src/cxw.c'
'Invoking: ARM gcc compiler'
arm-xilinx-eabi-gcc -Wall -O0 -g3 -c -fmessage-length=0 -I../../standalone_bsp_0/ps7_cortexa9_0/include -MMD -MP -MF"src/cxw.d" -MT"src/cxw.d" -o "src/cxw.o" "../src/cxw.c"
'Finished building: ../src/cxw.c'
' '
'Building target: cxw.elf'
'Invoking: ARM gcc linker'
arm-xilinx-eabi-gcc -Wl,-T -Wl,../src/lscript.ld -L../../standalone_bsp_0/ps7_cortexa9_0/lib -o "cxw.elf"  ./src/cxw.o ./src/helloworld.o ./src/platform.o   -Wl,--start-group,-lxil,-lgcc,-lc,--end-group
'Finished building target: cxw.elf'
' '
'Invoking: ARM Print Size'
arm-xilinx-eabi-size cxw.elf  |tee "cxw.elf.size"
   text	   data	    bss	    dec	    hex	filename
  22872	   1096	  22612	  46580	   b5f4	cxw.elf
'Finished building: cxw.elf.size'
' '

**** Build of configuration Debug for project cxw ****

Nothing to build for project cxw
12:33:37 **** Auto Build of configuration Debug for project cxw ****
make all 
'Building file: ../src/cxw.c'
'Invoking: ARM gcc compiler'
arm-xilinx-eabi-gcc -Wall -O0 -g3 -c -fmessage-length=0 -I../../standalone_bsp_0/ps7_cortexa9_0/include -MMD -MP -MF"src/cxw.d" -MT"src/cxw.d" -o "src/cxw.o" "../src/cxw.c"
'Finished building: ../src/cxw.c'
' '
'Building target: cxw.elf'
'Invoking: ARM gcc linker'
arm-xilinx-eabi-gcc -Wl,-T -Wl,../src/lscript.ld -L../../standalone_bsp_0/ps7_cortexa9_0/lib -o "cxw.elf"  ./src/cxw.o   -Wl,--start-group,-lxil,-lgcc,-lc,--end-group
../../standalone_bsp_0/ps7_cortexa9_0/lib\libxil.a(xil-crt0.o): In function `_start':
D:\solution\cxw2\cxw2.sdk\SDK\SDK_Export\standalone_bsp_0\ps7_cortexa9_0\libsrc\standalone_v3_12_a\src/xil-crt0.S:149: undefined reference to `main'
collect2.exe: error: ld returned 1 exit status
make: *** [cxw.elf] ´íÎó 1
12:34:35 **** Auto Build of configuration Debug for project cxw ****
make all 
'Building file: ../src/cxw.c'
'Invoking: ARM gcc compiler'
arm-xilinx-eabi-gcc -Wall -O0 -g3 -c -fmessage-length=0 -I../../standalone_bsp_0/ps7_cortexa9_0/include -MMD -MP -MF"src/cxw.d" -MT"src/cxw.d" -o "src/cxw.o" "../src/cxw.c"
../src/cxw.c: In function 'main':
../src/cxw.c:20:9: warning: unused variable 'psb_check' [-Wunused-variable]
'Finished building: ../src/cxw.c'
' '
'Building target: cxw.elf'
'Invoking: ARM gcc linker'
arm-xilinx-eabi-gcc -Wl,-T -Wl,../src/lscript.ld -L../../standalone_bsp_0/ps7_cortexa9_0/lib -o "cxw.elf"  ./src/cxw.o   -Wl,--start-group,-lxil,-lgcc,-lc,--end-group
'Finished building target: cxw.elf'
' '
'Invoking: ARM Print Size'
arm-xilinx-eabi-size cxw.elf  |tee "cxw.elf.size"
   text	   data	    bss	    dec	    hex	filename
  23752	   1136	  22628	  47516	   b99c	cxw.elf
'Finished building: cxw.elf.size'
' '
12:35:06 **** Incremental Build of configuration Debug for project cxw ****
make all 
make: Nothing to be done for `all'.
12:35:53 **** Auto Build of configuration Debug for project cxw ****
make all 
'Building file: ../src/cxw.c'
'Invoking: ARM gcc compiler'
arm-xilinx-eabi-gcc -Wall -O0 -g3 -c -fmessage-length=0 -I../../standalone_bsp_0/ps7_cortexa9_0/include -MMD -MP -MF"src/cxw.d" -MT"src/cxw.d" -o "src/cxw.o" "../src/cxw.c"
../src/cxw.c: In function 'main':
../src/cxw.c:20:9: warning: unused variable 'psb_check' [-Wunused-variable]
'Finished building: ../src/cxw.c'
' '
'Building target: cxw.elf'
'Invoking: ARM gcc linker'
arm-xilinx-eabi-gcc -Wl,-T -Wl,../src/lscript.ld -L../../standalone_bsp_0/ps7_cortexa9_0/lib -o "cxw.elf"  ./src/cxw.o   -Wl,--start-group,-lxil,-lgcc,-lc,--end-group
'Finished building target: cxw.elf'
' '
'Invoking: ARM Print Size'
arm-xilinx-eabi-size cxw.elf  |tee "cxw.elf.size"
   text	   data	    bss	    dec	    hex	filename
  23752	   1136	  22628	  47516	   b99c	cxw.elf
'Finished building: cxw.elf.size'
' '
12:36:21 **** Incremental Build of configuration Debug for project cxw ****
make all 
make: Nothing to be done for `all'.
12:37:25 **** Auto Build of configuration Debug for project cxw ****
make all 
'Building file: ../src/cxw.c'
'Invoking: ARM gcc compiler'
arm-xilinx-eabi-gcc -Wall -O0 -g3 -c -fmessage-length=0 -I../../standalone_bsp_0/ps7_cortexa9_0/include -MMD -MP -MF"src/cxw.d" -MT"src/cxw.d" -o "src/cxw.o" "../src/cxw.c"
../src/cxw.c:231:6: warning: return type of 'main' is not 'int' [-Wmain]
../src/cxw.c: In function 'main':
../src/cxw.c:233:35: error: 'XPAR_AXI_GPIO_0_DEVICE_ID' undeclared (first use in this function)
../src/cxw.c:233:35: note: each undeclared identifier is reported only once for each function it appears in
../src/cxw.c:272:2: warning: implicit declaration of function 'exit' [-Wimplicit-function-declaration]
../src/cxw.c:272:2: warning: incompatible implicit declaration of built-in function 'exit' [enabled by default]
../src/cxw.c:244:8: warning: unused variable 'data' [-Wunused-variable]
make: *** [src/cxw.o] ´íÎó 1
12:38:03 **** Auto Build of configuration Debug for project cxw ****
make all 
'Building file: ../src/cxw.c'
'Invoking: ARM gcc compiler'
arm-xilinx-eabi-gcc -Wall -O0 -g3 -c -fmessage-length=0 -I../../standalone_bsp_0/ps7_cortexa9_0/include -MMD -MP -MF"src/cxw.d" -MT"src/cxw.d" -o "src/cxw.o" "../src/cxw.c"
../src/cxw.c:231:6: warning: return type of 'main' is not 'int' [-Wmain]
../src/cxw.c: In function 'main':
../src/cxw.c:272:2: warning: implicit declaration of function 'exit' [-Wimplicit-function-declaration]
../src/cxw.c:272:2: warning: incompatible implicit declaration of built-in function 'exit' [enabled by default]
../src/cxw.c:244:8: warning: unused variable 'data' [-Wunused-variable]
'Finished building: ../src/cxw.c'
' '
'Building target: cxw.elf'
'Invoking: ARM gcc linker'
arm-xilinx-eabi-gcc -Wl,-T -Wl,../src/lscript.ld -L../../standalone_bsp_0/ps7_cortexa9_0/lib -o "cxw.elf"  ./src/cxw.o   -Wl,--start-group,-lxil,-lgcc,-lc,--end-group
'Finished building target: cxw.elf'
' '
'Invoking: ARM Print Size'
arm-xilinx-eabi-size cxw.elf  |tee "cxw.elf.size"
   text	   data	    bss	    dec	    hex	filename
  25328	   1152	  22644	  49124	   bfe4	cxw.elf
'Finished building: cxw.elf.size'
' '
12:48:37 **** Incremental Build of configuration Debug for project cxw ****
make all 
make: Nothing to be done for `all'.
12:49:07 **** Incremental Build of configuration Debug for project cxw ****
make all 
make: Nothing to be done for `all'.
12:52:04 **** Incremental Build of configuration Debug for project cxw ****
make all 
make: Nothing to be done for `all'.
12:55:46 **** Incremental Build of configuration Debug for project cxw ****
make all 
make: Nothing to be done for `all'.
13:21:12 **** Incremental Build of configuration Debug for project cxw ****
make all 
make: Nothing to be done for `all'.
13:27:45 **** Incremental Build of configuration Debug for project cxw ****
make all 
make: Nothing to be done for `all'.
13:31:31 **** Auto Build of configuration Debug for project cxw ****
make all 
'Building file: ../src/cxw.c'
'Invoking: ARM gcc compiler'
arm-xilinx-eabi-gcc -Wall -O0 -g3 -c -fmessage-length=0 -I../../standalone_bsp_0/ps7_cortexa9_0/include -MMD -MP -MF"src/cxw.d" -MT"src/cxw.d" -o "src/cxw.o" "../src/cxw.c"
../src/cxw.c:234:6: warning: return type of 'main' is not 'int' [-Wmain]
../src/cxw.c: In function 'main':
../src/cxw.c:275:2: warning: implicit declaration of function 'exit' [-Wimplicit-function-declaration]
../src/cxw.c:275:2: warning: incompatible implicit declaration of built-in function 'exit' [enabled by default]
../src/cxw.c:247:8: warning: unused variable 'data' [-Wunused-variable]
'Finished building: ../src/cxw.c'
' '
'Building target: cxw.elf'
'Invoking: ARM gcc linker'
arm-xilinx-eabi-gcc -Wl,-T -Wl,../src/lscript.ld -L../../standalone_bsp_0/ps7_cortexa9_0/lib -o "cxw.elf"  ./src/cxw.o   -Wl,--start-group,-lxil,-lgcc,-lc,--end-group
'Finished building target: cxw.elf'
' '
'Invoking: ARM Print Size'
arm-xilinx-eabi-size cxw.elf  |tee "cxw.elf.size"
   text	   data	    bss	    dec	    hex	filename
  25392	   1152	  22644	  49188	   c024	cxw.elf
'Finished building: cxw.elf.size'
' '
13:31:55 **** Incremental Build of configuration Debug for project cxw ****
make all 
make: Nothing to be done for `all'.
13:36:41 **** Auto Build of configuration Debug for project cxw ****
make all 
'Building file: ../src/cxw.c'
'Invoking: ARM gcc compiler'
arm-xilinx-eabi-gcc -Wall -O0 -g3 -c -fmessage-length=0 -I../../standalone_bsp_0/ps7_cortexa9_0/include -MMD -MP -MF"src/cxw.d" -MT"src/cxw.d" -o "src/cxw.o" "../src/cxw.c"
../src/cxw.c:234:6: warning: return type of 'main' is not 'int' [-Wmain]
../src/cxw.c: In function 'main':
../src/cxw.c:275:2: warning: implicit declaration of function 'exit' [-Wimplicit-function-declaration]
../src/cxw.c:275:2: warning: incompatible implicit declaration of built-in function 'exit' [enabled by default]
../src/cxw.c:247:8: warning: unused variable 'data' [-Wunused-variable]
'Finished building: ../src/cxw.c'
' '
'Building target: cxw.elf'
'Invoking: ARM gcc linker'
arm-xilinx-eabi-gcc -Wl,-T -Wl,../src/lscript.ld -L../../standalone_bsp_0/ps7_cortexa9_0/lib -o "cxw.elf"  ./src/cxw.o   -Wl,--start-group,-lxil,-lgcc,-lc,--end-group
'Finished building target: cxw.elf'
' '
'Invoking: ARM Print Size'
arm-xilinx-eabi-size cxw.elf  |tee "cxw.elf.size"
   text	   data	    bss	    dec	    hex	filename
  25356	   1152	  22644	  49152	   c000	cxw.elf
'Finished building: cxw.elf.size'
' '
13:38:32 **** Auto Build of configuration Debug for project cxw ****
make all 
'Building file: ../src/cxw.c'
'Invoking: ARM gcc compiler'
arm-xilinx-eabi-gcc -Wall -O0 -g3 -c -fmessage-length=0 -I../../standalone_bsp_0/ps7_cortexa9_0/include -MMD -MP -MF"src/cxw.d" -MT"src/cxw.d" -o "src/cxw.o" "../src/cxw.c"
../src/cxw.c:234:6: warning: return type of 'main' is not 'int' [-Wmain]
../src/cxw.c: In function 'main':
../src/cxw.c:277:2: warning: implicit declaration of function 'exit' [-Wimplicit-function-declaration]
../src/cxw.c:277:2: warning: incompatible implicit declaration of built-in function 'exit' [enabled by default]
../src/cxw.c:247:8: warning: unused variable 'data' [-Wunused-variable]
../src/cxw.c:247:6: warning: variable 'i' set but not used [-Wunused-but-set-variable]
'Finished building: ../src/cxw.c'
' '
'Building target: cxw.elf'
'Invoking: ARM gcc linker'
arm-xilinx-eabi-gcc -Wl,-T -Wl,../src/lscript.ld -L../../standalone_bsp_0/ps7_cortexa9_0/lib -o "cxw.elf"  ./src/cxw.o   -Wl,--start-group,-lxil,-lgcc,-lc,--end-group
'Finished building target: cxw.elf'
' '
'Invoking: ARM Print Size'
arm-xilinx-eabi-size cxw.elf  |tee "cxw.elf.size"
   text	   data	    bss	    dec	    hex	filename
  25284	   1152	  22644	  49080	   bfb8	cxw.elf
'Finished building: cxw.elf.size'
' '
13:39:22 **** Incremental Build of configuration Debug for project cxw ****
make all 
make: Nothing to be done for `all'.
14:10:59 **** Auto Build of configuration Debug for project cxw ****
make all 
'Building file: ../src/cxw.c'
'Invoking: ARM gcc compiler'
arm-xilinx-eabi-gcc -Wall -O0 -g3 -c -fmessage-length=0 -I../../standalone_bsp_0/ps7_cortexa9_0/include -MMD -MP -MF"src/cxw.d" -MT"src/cxw.d" -o "src/cxw.o" "../src/cxw.c"
../src/cxw.c:234:6: warning: return type of 'main' is not 'int' [-Wmain]
../src/cxw.c: In function 'main':
../src/cxw.c:277:2: warning: implicit declaration of function 'exit' [-Wimplicit-function-declaration]
../src/cxw.c:277:2: warning: incompatible implicit declaration of built-in function 'exit' [enabled by default]
../src/cxw.c:247:8: warning: unused variable 'data' [-Wunused-variable]
../src/cxw.c:247:6: warning: variable 'i' set but not used [-Wunused-but-set-variable]
'Finished building: ../src/cxw.c'
' '
'Building target: cxw.elf'
'Invoking: ARM gcc linker'
arm-xilinx-eabi-gcc -Wl,-T -Wl,../src/lscript.ld -L../../standalone_bsp_0/ps7_cortexa9_0/lib -o "cxw.elf"  ./src/cxw.o   -Wl,--start-group,-lxil,-lgcc,-lc,--end-group
'Finished building target: cxw.elf'
' '
'Invoking: ARM Print Size'
arm-xilinx-eabi-size cxw.elf  |tee "cxw.elf.size"
   text	   data	    bss	    dec	    hex	filename
  25284	   1152	  22644	  49080	   bfb8	cxw.elf
'Finished building: cxw.elf.size'
' '
14:11:44 **** Auto Build of configuration Debug for project cxw ****
make all 
'Building file: ../src/cxw.c'
'Invoking: ARM gcc compiler'
arm-xilinx-eabi-gcc -Wall -O0 -g3 -c -fmessage-length=0 -I../../standalone_bsp_0/ps7_cortexa9_0/include -MMD -MP -MF"src/cxw.d" -MT"src/cxw.d" -o "src/cxw.o" "../src/cxw.c"
../src/cxw.c:235:6: warning: return type of 'main' is not 'int' [-Wmain]
../src/cxw.c: In function 'main':
../src/cxw.c:278:2: warning: implicit declaration of function 'exit' [-Wimplicit-function-declaration]
../src/cxw.c:278:2: warning: incompatible implicit declaration of built-in function 'exit' [enabled by default]
../src/cxw.c:248:8: warning: unused variable 'data' [-Wunused-variable]
../src/cxw.c:248:6: warning: variable 'i' set but not used [-Wunused-but-set-variable]
'Finished building: ../src/cxw.c'
' '
'Building target: cxw.elf'
'Invoking: ARM gcc linker'
arm-xilinx-eabi-gcc -Wl,-T -Wl,../src/lscript.ld -L../../standalone_bsp_0/ps7_cortexa9_0/lib -o "cxw.elf"  ./src/cxw.o   -Wl,--start-group,-lxil,-lgcc,-lc,--end-group
'Finished building target: cxw.elf'
' '
'Invoking: ARM Print Size'
arm-xilinx-eabi-size cxw.elf  |tee "cxw.elf.size"
   text	   data	    bss	    dec	    hex	filename
  25284	   1152	  22644	  49080	   bfb8	cxw.elf
'Finished building: cxw.elf.size'
' '
14:20:19 **** Auto Build of configuration Debug for project cxw ****
make all 
'Building file: ../src/cxw.c'
'Invoking: ARM gcc compiler'
arm-xilinx-eabi-gcc -Wall -O0 -g3 -c -fmessage-length=0 -I../../standalone_bsp_0/ps7_cortexa9_0/include -MMD -MP -MF"src/cxw.d" -MT"src/cxw.d" -o "src/cxw.o" "../src/cxw.c"
../src/cxw.c:235:6: warning: return type of 'main' is not 'int' [-Wmain]
../src/cxw.c: In function 'main':
../src/cxw.c:248:8: warning: unused variable 'data' [-Wunused-variable]
../src/cxw.c:248:6: warning: variable 'i' set but not used [-Wunused-but-set-variable]
'Finished building: ../src/cxw.c'
' '
'Building target: cxw.elf'
'Invoking: ARM gcc linker'
arm-xilinx-eabi-gcc -Wl,-T -Wl,../src/lscript.ld -L../../standalone_bsp_0/ps7_cortexa9_0/lib -o "cxw.elf"  ./src/cxw.o   -Wl,--start-group,-lxil,-lgcc,-lc,--end-group
'Finished building target: cxw.elf'
' '
'Invoking: ARM Print Size'
arm-xilinx-eabi-size cxw.elf  |tee "cxw.elf.size"
   text	   data	    bss	    dec	    hex	filename
  25244	   1152	  22644	  49040	   bf90	cxw.elf
'Finished building: cxw.elf.size'
' '
14:20:38 **** Auto Build of configuration Debug for project cxw ****
make all 
'Building file: ../src/cxw.c'
'Invoking: ARM gcc compiler'
arm-xilinx-eabi-gcc -Wall -O0 -g3 -c -fmessage-length=0 -I../../standalone_bsp_0/ps7_cortexa9_0/include -MMD -MP -MF"src/cxw.d" -MT"src/cxw.d" -o "src/cxw.o" "../src/cxw.c"
../src/cxw.c:235:6: warning: return type of 'main' is not 'int' [-Wmain]
../src/cxw.c: In function 'main':
../src/cxw.c:248:8: warning: unused variable 'data' [-Wunused-variable]
../src/cxw.c:248:6: warning: variable 'i' set but not used [-Wunused-but-set-variable]
'Finished building: ../src/cxw.c'
' '
'Building target: cxw.elf'
'Invoking: ARM gcc linker'
arm-xilinx-eabi-gcc -Wl,-T -Wl,../src/lscript.ld -L../../standalone_bsp_0/ps7_cortexa9_0/lib -o "cxw.elf"  ./src/cxw.o   -Wl,--start-group,-lxil,-lgcc,-lc,--end-group
'Finished building target: cxw.elf'
' '
'Invoking: ARM Print Size'
arm-xilinx-eabi-size cxw.elf  |tee "cxw.elf.size"
   text	   data	    bss	    dec	    hex	filename
  25272	   1152	  22644	  49068	   bfac	cxw.elf
'Finished building: cxw.elf.size'
' '
14:21:05 **** Incremental Build of configuration Debug for project cxw ****
make all 
make: Nothing to be done for `all'.
14:21:51 **** Incremental Build of configuration Debug for project cxw ****
make all 
make: Nothing to be done for `all'.
14:25:58 **** Auto Build of configuration Debug for project cxw ****
make all 
'Building file: ../src/cxw.c'
'Invoking: ARM gcc compiler'
arm-xilinx-eabi-gcc -Wall -O0 -g3 -c -fmessage-length=0 -I../../standalone_bsp_0/ps7_cortexa9_0/include -MMD -MP -MF"src/cxw.d" -MT"src/cxw.d" -o "src/cxw.o" "../src/cxw.c"
../src/cxw.c:238:6: warning: return type of 'main' is not 'int' [-Wmain]
../src/cxw.c: In function 'main':
../src/cxw.c:251:8: warning: unused variable 'data' [-Wunused-variable]
../src/cxw.c:251:6: warning: variable 'i' set but not used [-Wunused-but-set-variable]
'Finished building: ../src/cxw.c'
' '
'Building target: cxw.elf'
'Invoking: ARM gcc linker'
arm-xilinx-eabi-gcc -Wl,-T -Wl,../src/lscript.ld -L../../standalone_bsp_0/ps7_cortexa9_0/lib -o "cxw.elf"  ./src/cxw.o   -Wl,--start-group,-lxil,-lgcc,-lc,--end-group
'Finished building target: cxw.elf'
' '
'Invoking: ARM Print Size'
arm-xilinx-eabi-size cxw.elf  |tee "cxw.elf.size"
   text	   data	    bss	    dec	    hex	filename
  25272	   1152	  22644	  49068	   bfac	cxw.elf
'Finished building: cxw.elf.size'
' '
14:26:47 **** Incremental Build of configuration Debug for project cxw ****
make all 
make: Nothing to be done for `all'.
14:28:34 **** Auto Build of configuration Debug for project cxw ****
make all 
'Building file: ../src/cxw.c'
'Invoking: ARM gcc compiler'
arm-xilinx-eabi-gcc -Wall -O0 -g3 -c -fmessage-length=0 -I../../standalone_bsp_0/ps7_cortexa9_0/include -MMD -MP -MF"src/cxw.d" -MT"src/cxw.d" -o "src/cxw.o" "../src/cxw.c"
../src/cxw.c:238:6: warning: return type of 'main' is not 'int' [-Wmain]
../src/cxw.c: In function 'main':
../src/cxw.c:251:8: warning: unused variable 'data' [-Wunused-variable]
../src/cxw.c:251:6: warning: variable 'i' set but not used [-Wunused-but-set-variable]
'Finished building: ../src/cxw.c'
' '
'Building target: cxw.elf'
'Invoking: ARM gcc linker'
arm-xilinx-eabi-gcc -Wl,-T -Wl,../src/lscript.ld -L../../standalone_bsp_0/ps7_cortexa9_0/lib -o "cxw.elf"  ./src/cxw.o   -Wl,--start-group,-lxil,-lgcc,-lc,--end-group
'Finished building target: cxw.elf'
' '
'Invoking: ARM Print Size'
arm-xilinx-eabi-size cxw.elf  |tee "cxw.elf.size"
   text	   data	    bss	    dec	    hex	filename
  25272	   1152	  22644	  49068	   bfac	cxw.elf
'Finished building: cxw.elf.size'
' '
14:29:10 **** Incremental Build of configuration Debug for project cxw ****
make all 
make: Nothing to be done for `all'.
15:19:18 **** Auto Build of project standalone_bsp_0 ****
make -k all 
'Finished building libraries'
15:19:21 **** Auto Build of project standalone_bsp_0 ****
make -k all 
'Finished building libraries'
15:19:23 **** Auto Build of project standalone_bsp_0 ****
make -k all 
'Finished building libraries'
15:37:05 **** Auto Build of configuration Debug for project cxw ****
make all 
make: Nothing to be done for `all'.
15:38:45 **** Build of project standalone_bsp_0 ****
make -k all 
libgen -hw ../hw_platform_0/system.xml\
	       \
	       -pe ps7_cortexa9_0 \
	       -log libgen.log \
	       system.mss
libgen
Xilinx EDK 2013.4 Build EDK_2013.4.20131205
Copyright (c) 1995-2012 Xilinx, Inc.  All rights reserved.

Command Line: libgen -hw ../hw_platform_0/system.xml -pe ps7_cortexa9_0 -log
libgen.log system.mss 


Staging source files.
Running DRCs.
Running generate.
Running post_generate.
Running include - 'make -s include "COMPILER=arm-xilinx-eabi-gcc"
"ARCHIVER=arm-xilinx-eabi-ar" "COMPILER_FLAGS= -O2 -c"
"EXTRA_COMPILER_FLAGS=-g"'.

Running libs - 'make -s libs "COMPILER=arm-xilinx-eabi-gcc"
"ARCHIVER=arm-xilinx-eabi-ar" "COMPILER_FLAGS= -O2 -c"
"EXTRA_COMPILER_FLAGS=-g"'.
"Compiling common"
arm-xilinx-eabi-ar: creating ../../../lib/libxil.a
"Compiling standalone"
"Compiling iic"
"Compiling gpio"
"Compiling devcfg"
"Compiling dmaps"
"Compiling scugic"
"Compiling scutimer"
"Compiling scuwdt"
"Compiling uartps"
"Compiling xadcps"
"Compiling cpu_cortexa9"
Running execs_generate.
'Finished building libraries'

**** Build of configuration Debug for project cxw ****

Nothing to build for project cxw
15:42:39 **** Auto Build of configuration Debug for project cxw ****
make all 
'Building file: ../src/i2c.c'
'Invoking: ARM gcc compiler'
arm-xilinx-eabi-gcc -Wall -O0 -g3 -c -fmessage-length=0 -I../../standalone_bsp_0/ps7_cortexa9_0/include -MMD -MP -MF"src/i2c.d" -MT"src/i2c.d" -o "src/i2c.o" "../src/i2c.c"
'Finished building: ../src/i2c.c'
' '
'Building file: ../src/tmp.c'
'Invoking: ARM gcc compiler'
arm-xilinx-eabi-gcc -Wall -O0 -g3 -c -fmessage-length=0 -I../../standalone_bsp_0/ps7_cortexa9_0/include -MMD -MP -MF"src/tmp.d" -MT"src/tmp.d" -o "src/tmp.o" "../src/tmp.c"
../src/tmp.c: In function 'tmp2_textout':
../src/tmp.c:33:3: warning: implicit declaration of function 'xil_printf' [-Wimplicit-function-declaration]
../src/tmp.c: At top level:
../src/tmp.c:37:6: warning: return type of 'main' is not 'int' [-Wmain]
'Finished building: ../src/tmp.c'
' '
'Building target: cxw.elf'
'Invoking: ARM gcc linker'
arm-xilinx-eabi-gcc -Wl,-T -Wl,../src/lscript.ld -L../../standalone_bsp_0/ps7_cortexa9_0/lib -o "cxw.elf"  ./src/i2c.o ./src/tmp.o   -Wl,--start-group,-lxil,-lgcc,-lc,--end-group
'Finished building target: cxw.elf'
' '
'Invoking: ARM Print Size'
arm-xilinx-eabi-size cxw.elf  |tee "cxw.elf.size"
   text	   data	    bss	    dec	    hex	filename
  23640	   1096	  22612	  47348	   b8f4	cxw.elf
'Finished building: cxw.elf.size'
' '
15:44:26 **** Incremental Build of configuration Debug for project cxw ****
make all 
make: Nothing to be done for `all'.
15:45:06 **** Auto Build of configuration Debug for project cxw ****
make all 
'Building file: ../src/tmp.c'
'Invoking: ARM gcc compiler'
arm-xilinx-eabi-gcc -Wall -O0 -g3 -c -fmessage-length=0 -I../../standalone_bsp_0/ps7_cortexa9_0/include -MMD -MP -MF"src/tmp.d" -MT"src/tmp.d" -o "src/tmp.o" "../src/tmp.c"
../src/tmp.c: In function 'tmp2_textout':
../src/tmp.c:33:3: warning: implicit declaration of function 'xil_printf' [-Wimplicit-function-declaration]
../src/tmp.c: At top level:
../src/tmp.c:37:6: warning: return type of 'main' is not 'int' [-Wmain]
'Finished building: ../src/tmp.c'
' '
'Building target: cxw.elf'
'Invoking: ARM gcc linker'
arm-xilinx-eabi-gcc -Wl,-T -Wl,../src/lscript.ld -L../../standalone_bsp_0/ps7_cortexa9_0/lib -o "cxw.elf"  ./src/i2c.o ./src/tmp.o   -Wl,--start-group,-lxil,-lgcc,-lc,--end-group
'Finished building target: cxw.elf'
' '
'Invoking: ARM Print Size'
arm-xilinx-eabi-size cxw.elf  |tee "cxw.elf.size"
   text	   data	    bss	    dec	    hex	filename
  23640	   1096	  22612	  47348	   b8f4	cxw.elf
'Finished building: cxw.elf.size'
' '
15:46:26 **** Incremental Build of configuration Debug for project cxw ****
make all 
make: Nothing to be done for `all'.
15:48:22 **** Incremental Build of configuration Debug for project cxw ****
make all 
make: Nothing to be done for `all'.
15:49:37 **** Incremental Build of configuration Debug for project cxw ****
make all 
make: Nothing to be done for `all'.
16:20:23 **** Auto Build of project standalone_bsp_0 ****
make -k all 
'Finished building libraries'
16:20:25 **** Auto Build of project standalone_bsp_0 ****
make -k all 
'Finished building libraries'
16:20:26 **** Auto Build of project standalone_bsp_0 ****
make -k all 
'Finished building libraries'
16:28:01 **** Auto Build of configuration Debug for project cxw ****
make all 
make: Nothing to be done for `all'.
16:28:26 **** Build of project standalone_bsp_0 ****
make -k all 
libgen -hw ../hw_platform_0/system.xml\
	       \
	       -pe ps7_cortexa9_0 \
	       -log libgen.log \
	       system.mss
libgen
Xilinx EDK 2013.4 Build EDK_2013.4.20131205
Copyright (c) 1995-2012 Xilinx, Inc.  All rights reserved.

Command Line: libgen -hw ../hw_platform_0/system.xml -pe ps7_cortexa9_0 -log
libgen.log system.mss 


Staging source files.
Running DRCs.
Running generate.
Running post_generate.
Running include - 'make -s include "COMPILER=arm-xilinx-eabi-gcc"
"ARCHIVER=arm-xilinx-eabi-ar" "COMPILER_FLAGS= -O2 -c"
"EXTRA_COMPILER_FLAGS=-g"'.

Running libs - 'make -s libs "COMPILER=arm-xilinx-eabi-gcc"
"ARCHIVER=arm-xilinx-eabi-ar" "COMPILER_FLAGS= -O2 -c"
"EXTRA_COMPILER_FLAGS=-g"'.
"Compiling common"
arm-xilinx-eabi-ar: creating ../../../lib/libxil.a
"Compiling standalone"
"Compiling iic"
"Compiling gpio"
"Compiling devcfg"
"Compiling dmaps"
"Compiling scugic"
"Compiling scutimer"
"Compiling scuwdt"
"Compiling uartps"
"Compiling xadcps"
"Compiling cpu_cortexa9"
Running execs_generate.
'Finished building libraries'

**** Build of configuration Debug for project cxw ****

Nothing to build for project cxw
16:37:50 **** Auto Build of configuration Debug for project cxw ****
make all 
'Building file: ../src/i2c.c'
'Invoking: ARM gcc compiler'
arm-xilinx-eabi-gcc -Wall -O0 -g3 -c -fmessage-length=0 -I../../standalone_bsp_0/ps7_cortexa9_0/include -MMD -MP -MF"src/i2c.d" -MT"src/i2c.d" -o "src/i2c.o" "../src/i2c.c"
'Finished building: ../src/i2c.c'
' '
'Building file: ../src/tmp.c'
'Invoking: ARM gcc compiler'
arm-xilinx-eabi-gcc -Wall -O0 -g3 -c -fmessage-length=0 -I../../standalone_bsp_0/ps7_cortexa9_0/include -MMD -MP -MF"src/tmp.d" -MT"src/tmp.d" -o "src/tmp.o" "../src/tmp.c"
../src/tmp.c: In function 'tmp2_textout':
../src/tmp.c:33:3: warning: implicit declaration of function 'xil_printf' [-Wimplicit-function-declaration]
../src/tmp.c: At top level:
../src/tmp.c:37:6: warning: return type of 'main' is not 'int' [-Wmain]
'Finished building: ../src/tmp.c'
' '
'Building target: cxw.elf'
'Invoking: ARM gcc linker'
arm-xilinx-eabi-gcc -Wl,-T -Wl,../src/lscript.ld -L../../standalone_bsp_0/ps7_cortexa9_0/lib -o "cxw.elf"  ./src/i2c.o ./src/tmp.o   -Wl,--start-group,-lxil,-lgcc,-lc,--end-group
'Finished building target: cxw.elf'
' '
'Invoking: ARM Print Size'
arm-xilinx-eabi-size cxw.elf  |tee "cxw.elf.size"
   text	   data	    bss	    dec	    hex	filename
  23640	   1096	  22612	  47348	   b8f4	cxw.elf
'Finished building: cxw.elf.size'
' '
16:39:04 **** Incremental Build of configuration Debug for project cxw ****
make all 
make: Nothing to be done for `all'.
16:41:45 **** Auto Build of configuration Debug for project cxw ****
make all 
'Building file: ../src/tmp.c'
'Invoking: ARM gcc compiler'
arm-xilinx-eabi-gcc -Wall -O0 -g3 -c -fmessage-length=0 -I../../standalone_bsp_0/ps7_cortexa9_0/include -MMD -MP -MF"src/tmp.d" -MT"src/tmp.d" -o "src/tmp.o" "../src/tmp.c"
../src/tmp.c: In function 'tmp2_textout':
../src/tmp.c:33:3: warning: implicit declaration of function 'xil_printf' [-Wimplicit-function-declaration]
../src/tmp.c: At top level:
../src/tmp.c:37:6: warning: return type of 'main' is not 'int' [-Wmain]
'Finished building: ../src/tmp.c'
' '
'Building target: cxw.elf'
'Invoking: ARM gcc linker'
arm-xilinx-eabi-gcc -Wl,-T -Wl,../src/lscript.ld -L../../standalone_bsp_0/ps7_cortexa9_0/lib -o "cxw.elf"  ./src/i2c.o ./src/tmp.o   -Wl,--start-group,-lxil,-lgcc,-lc,--end-group
'Finished building target: cxw.elf'
' '
'Invoking: ARM Print Size'
arm-xilinx-eabi-size cxw.elf  |tee "cxw.elf.size"
   text	   data	    bss	    dec	    hex	filename
  23664	   1096	  22612	  47372	   b90c	cxw.elf
'Finished building: cxw.elf.size'
' '
16:42:49 **** Incremental Build of configuration Debug for project cxw ****
make all 
make: Nothing to be done for `all'.
18:17:47 **** Auto Build of project standalone_bsp_0 ****
make -k all 
'Finished building libraries'
18:18:10 **** Auto Build of project standalone_bsp_0 ****
make -k all 
'Finished building libraries'
18:19:44 **** Incremental Build of configuration Debug for project cxw ****
make all 
make: Nothing to be done for `all'.
18:26:13 **** Auto Build of configuration Debug for project cxw ****
make all 
make: Nothing to be done for `all'.
18:26:33 **** Auto Build of configuration Debug for project cxw ****
make all 
'Building file: ../src/tmp.c'
'Invoking: ARM gcc compiler'
arm-xilinx-eabi-gcc -Wall -O0 -g3 -c -fmessage-length=0 -I../../standalone_bsp_0/ps7_cortexa9_0/include -MMD -MP -MF"src/tmp.d" -MT"src/tmp.d" -o "src/tmp.o" "../src/tmp.c"
../src/tmp.c: In function 'tmp2_textout':
../src/tmp.c:33:3: warning: implicit declaration of function 'xil_printf' [-Wimplicit-function-declaration]
'Finished building: ../src/tmp.c'
' '
'Building file: ../src/lcd.c'
'Invoking: ARM gcc compiler'
arm-xilinx-eabi-gcc -Wall -O0 -g3 -c -fmessage-length=0 -I../../standalone_bsp_0/ps7_cortexa9_0/include -MMD -MP -MF"src/lcd.d" -MT"src/lcd.d" -o "src/lcd.o" "../src/lcd.c"
../src/lcd.c:223:6: warning: return type of 'main' is not 'int' [-Wmain]
../src/lcd.c: In function 'main':
../src/lcd.c:225:35: error: 'XPAR_AXI_GPIO_0_DEVICE_ID' undeclared (first use in this function)
../src/lcd.c:225:35: note: each undeclared identifier is reported only once for each function it appears in
../src/lcd.c:264:2: warning: implicit declaration of function 'exit' [-Wimplicit-function-declaration]
../src/lcd.c:264:2: warning: incompatible implicit declaration of built-in function 'exit' [enabled by default]
../src/lcd.c:236:8: warning: unused variable 'data' [-Wunused-variable]
make: *** [src/lcd.o] ´íÎó 1
18:27:15 **** Auto Build of configuration Debug for project cxw ****
make all 
'Building file: ../src/lcd.c'
'Invoking: ARM gcc compiler'
arm-xilinx-eabi-gcc -Wall -O0 -g3 -c -fmessage-length=0 -I../../standalone_bsp_0/ps7_cortexa9_0/include -MMD -MP -MF"src/lcd.d" -MT"src/lcd.d" -o "src/lcd.o" "../src/lcd.c"
../src/lcd.c:223:6: warning: return type of 'main' is not 'int' [-Wmain]
../src/lcd.c: In function 'main':
../src/lcd.c:264:2: warning: implicit declaration of function 'exit' [-Wimplicit-function-declaration]
../src/lcd.c:264:2: warning: incompatible implicit declaration of built-in function 'exit' [enabled by default]
../src/lcd.c:236:8: warning: unused variable 'data' [-Wunused-variable]
'Finished building: ../src/lcd.c'
' '
'Building target: cxw.elf'
'Invoking: ARM gcc linker'
arm-xilinx-eabi-gcc -Wl,-T -Wl,../src/lscript.ld -L../../standalone_bsp_0/ps7_cortexa9_0/lib -o "cxw.elf"  ./src/i2c.o ./src/lcd.o ./src/tmp.o   -Wl,--start-group,-lxil,-lgcc,-lc,--end-group
'Finished building target: cxw.elf'
' '
'Invoking: ARM Print Size'
arm-xilinx-eabi-size cxw.elf  |tee "cxw.elf.size"
   text	   data	    bss	    dec	    hex	filename
  26652	   1152	  22644	  50448	   c510	cxw.elf
'Finished building: cxw.elf.size'
' '
18:45:11 **** Auto Build of configuration Debug for project cxw ****
make all 
'Building file: ../src/lcd.c'
'Invoking: ARM gcc compiler'
arm-xilinx-eabi-gcc -Wall -O0 -g3 -c -fmessage-length=0 -I../../standalone_bsp_0/ps7_cortexa9_0/include -MMD -MP -MF"src/lcd.d" -MT"src/lcd.d" -o "src/lcd.o" "../src/lcd.c"
../src/lcd.c:223:6: warning: return type of 'main' is not 'int' [-Wmain]
../src/lcd.c: In function 'main':
../src/lcd.c:264:2: warning: implicit declaration of function 'exit' [-Wimplicit-function-declaration]
../src/lcd.c:264:2: warning: incompatible implicit declaration of built-in function 'exit' [enabled by default]
../src/lcd.c:236:8: warning: unused variable 'data' [-Wunused-variable]
'Finished building: ../src/lcd.c'
' '
'Building target: cxw.elf'
'Invoking: ARM gcc linker'
arm-xilinx-eabi-gcc -Wl,-T -Wl,../src/lscript.ld -L../../standalone_bsp_0/ps7_cortexa9_0/lib -o "cxw.elf"  ./src/i2c.o ./src/lcd.o ./src/tmp.o   -Wl,--start-group,-lxil,-lgcc,-lc,--end-group
'Finished building target: cxw.elf'
' '
'Invoking: ARM Print Size'
arm-xilinx-eabi-size cxw.elf  |tee "cxw.elf.size"
   text	   data	    bss	    dec	    hex	filename
  26652	   1152	  22644	  50448	   c510	cxw.elf
'Finished building: cxw.elf.size'
' '
18:46:02 **** Incremental Build of configuration Debug for project cxw ****
make all 
make: Nothing to be done for `all'.
18:47:18 **** Auto Build of configuration Debug for project cxw ****
make all 
'Building file: ../src/lcd.c'
'Invoking: ARM gcc compiler'
arm-xilinx-eabi-gcc -Wall -O0 -g3 -c -fmessage-length=0 -I../../standalone_bsp_0/ps7_cortexa9_0/include -MMD -MP -MF"src/lcd.d" -MT"src/lcd.d" -o "src/lcd.o" "../src/lcd.c"
../src/lcd.c:223:6: warning: return type of 'main' is not 'int' [-Wmain]
../src/lcd.c: In function 'main':
../src/lcd.c:264:2: warning: implicit declaration of function 'exit' [-Wimplicit-function-declaration]
../src/lcd.c:264:2: warning: incompatible implicit declaration of built-in function 'exit' [enabled by default]
../src/lcd.c:236:8: warning: unused variable 'data' [-Wunused-variable]
'Finished building: ../src/lcd.c'
' '
'Building target: cxw.elf'
'Invoking: ARM gcc linker'
arm-xilinx-eabi-gcc -Wl,-T -Wl,../src/lscript.ld -L../../standalone_bsp_0/ps7_cortexa9_0/lib -o "cxw.elf"  ./src/i2c.o ./src/lcd.o ./src/tmp.o   -Wl,--start-group,-lxil,-lgcc,-lc,--end-group
'Finished building target: cxw.elf'
' '
'Invoking: ARM Print Size'
arm-xilinx-eabi-size cxw.elf  |tee "cxw.elf.size"
   text	   data	    bss	    dec	    hex	filename
  26652	   1152	  22644	  50448	   c510	cxw.elf
'Finished building: cxw.elf.size'
' '
18:54:20 **** Incremental Build of configuration Debug for project cxw ****
make all 
make: Nothing to be done for `all'.
18:56:16 **** Incremental Build of configuration Debug for project cxw ****
make all 
make: Nothing to be done for `all'.
19:05:41 **** Auto Build of configuration Debug for project cxw ****
make all 
'Building file: ../src/lcd.c'
'Invoking: ARM gcc compiler'
arm-xilinx-eabi-gcc -Wall -O0 -g3 -c -fmessage-length=0 -I../../standalone_bsp_0/ps7_cortexa9_0/include -MMD -MP -MF"src/lcd.d" -MT"src/lcd.d" -o "src/lcd.o" "../src/lcd.c"
../src/lcd.c:226:6: warning: return type of 'main' is not 'int' [-Wmain]
../src/lcd.c: In function 'main':
../src/lcd.c:267:2: warning: implicit declaration of function 'exit' [-Wimplicit-function-declaration]
../src/lcd.c:267:2: warning: incompatible implicit declaration of built-in function 'exit' [enabled by default]
../src/lcd.c:239:8: warning: unused variable 'data' [-Wunused-variable]
'Finished building: ../src/lcd.c'
' '
'Building target: cxw.elf'
'Invoking: ARM gcc linker'
arm-xilinx-eabi-gcc -Wl,-T -Wl,../src/lscript.ld -L../../standalone_bsp_0/ps7_cortexa9_0/lib -o "cxw.elf"  ./src/i2c.o ./src/lcd.o ./src/tmp.o   -Wl,--start-group,-lxil,-lgcc,-lc,--end-group
'Finished building target: cxw.elf'
' '
'Invoking: ARM Print Size'
arm-xilinx-eabi-size cxw.elf  |tee "cxw.elf.size"
   text	   data	    bss	    dec	    hex	filename
  26712	   1152	  22644	  50508	   c54c	cxw.elf
'Finished building: cxw.elf.size'
' '
19:20:55 **** Incremental Build of configuration Debug for project cxw ****
make all 
make: Nothing to be done for `all'.
19:23:11 **** Auto Build of configuration Debug for project cxw ****
make all 
'Building file: ../src/lcd.c'
'Invoking: ARM gcc compiler'
arm-xilinx-eabi-gcc -Wall -O0 -g3 -c -fmessage-length=0 -I../../standalone_bsp_0/ps7_cortexa9_0/include -MMD -MP -MF"src/lcd.d" -MT"src/lcd.d" -o "src/lcd.o" "../src/lcd.c"
../src/lcd.c:226:6: warning: return type of 'main' is not 'int' [-Wmain]
../src/lcd.c: In function 'main':
../src/lcd.c:270:2: warning: implicit declaration of function 'exit' [-Wimplicit-function-declaration]
../src/lcd.c:270:2: warning: incompatible implicit declaration of built-in function 'exit' [enabled by default]
../src/lcd.c:242:8: warning: unused variable 'data' [-Wunused-variable]
'Finished building: ../src/lcd.c'
' '
'Building target: cxw.elf'
'Invoking: ARM gcc linker'
arm-xilinx-eabi-gcc -Wl,-T -Wl,../src/lscript.ld -L../../standalone_bsp_0/ps7_cortexa9_0/lib -o "cxw.elf"  ./src/i2c.o ./src/lcd.o ./src/tmp.o   -Wl,--start-group,-lxil,-lgcc,-lc,--end-group
'Finished building target: cxw.elf'
' '
'Invoking: ARM Print Size'
arm-xilinx-eabi-size cxw.elf  |tee "cxw.elf.size"
   text	   data	    bss	    dec	    hex	filename
  26768	   1152	  22644	  50564	   c584	cxw.elf
'Finished building: cxw.elf.size'
' '
19:24:05 **** Incremental Build of configuration Debug for project cxw ****
make all 
make: Nothing to be done for `all'.
19:25:30 **** Auto Build of configuration Debug for project cxw ****
make all 
'Building file: ../src/lcd.c'
'Invoking: ARM gcc compiler'
arm-xilinx-eabi-gcc -Wall -O0 -g3 -c -fmessage-length=0 -I../../standalone_bsp_0/ps7_cortexa9_0/include -MMD -MP -MF"src/lcd.d" -MT"src/lcd.d" -o "src/lcd.o" "../src/lcd.c"
../src/lcd.c:227:6: warning: return type of 'main' is not 'int' [-Wmain]
../src/lcd.c: In function 'main':
../src/lcd.c:271:2: warning: implicit declaration of function 'exit' [-Wimplicit-function-declaration]
../src/lcd.c:271:2: warning: incompatible implicit declaration of built-in function 'exit' [enabled by default]
../src/lcd.c:243:8: warning: unused variable 'data' [-Wunused-variable]
'Finished building: ../src/lcd.c'
' '
'Building target: cxw.elf'
'Invoking: ARM gcc linker'
arm-xilinx-eabi-gcc -Wl,-T -Wl,../src/lscript.ld -L../../standalone_bsp_0/ps7_cortexa9_0/lib -o "cxw.elf"  ./src/i2c.o ./src/lcd.o ./src/tmp.o   -Wl,--start-group,-lxil,-lgcc,-lc,--end-group
'Finished building target: cxw.elf'
' '
'Invoking: ARM Print Size'
arm-xilinx-eabi-size cxw.elf  |tee "cxw.elf.size"
   text	   data	    bss	    dec	    hex	filename
  26800	   1152	  22644	  50596	   c5a4	cxw.elf
'Finished building: cxw.elf.size'
' '
19:28:51 **** Incremental Build of configuration Debug for project cxw ****
make all 
make: Nothing to be done for `all'.
19:31:04 **** Auto Build of configuration Debug for project cxw ****
make all 
'Building file: ../src/lcd.c'
'Invoking: ARM gcc compiler'
arm-xilinx-eabi-gcc -Wall -O0 -g3 -c -fmessage-length=0 -I../../standalone_bsp_0/ps7_cortexa9_0/include -MMD -MP -MF"src/lcd.d" -MT"src/lcd.d" -o "src/lcd.o" "../src/lcd.c"
../src/lcd.c:227:6: warning: return type of 'main' is not 'int' [-Wmain]
../src/lcd.c: In function 'main':
../src/lcd.c:271:2: warning: implicit declaration of function 'exit' [-Wimplicit-function-declaration]
../src/lcd.c:271:2: warning: incompatible implicit declaration of built-in function 'exit' [enabled by default]
../src/lcd.c:243:8: warning: unused variable 'data' [-Wunused-variable]
../src/lcd.c:243:6: warning: variable 'i' set but not used [-Wunused-but-set-variable]
'Finished building: ../src/lcd.c'
' '
'Building target: cxw.elf'
'Invoking: ARM gcc linker'
arm-xilinx-eabi-gcc -Wl,-T -Wl,../src/lscript.ld -L../../standalone_bsp_0/ps7_cortexa9_0/lib -o "cxw.elf"  ./src/i2c.o ./src/lcd.o ./src/tmp.o   -Wl,--start-group,-lxil,-lgcc,-lc,--end-group
'Finished building target: cxw.elf'
' '
'Invoking: ARM Print Size'
arm-xilinx-eabi-size cxw.elf  |tee "cxw.elf.size"
   text	   data	    bss	    dec	    hex	filename
  26704	   1152	  22644	  50500	   c544	cxw.elf
'Finished building: cxw.elf.size'
' '
19:31:33 **** Incremental Build of configuration Debug for project cxw ****
make all 
make: Nothing to be done for `all'.
19:35:06 **** Auto Build of configuration Debug for project cxw ****
make all 
'Building file: ../src/lcd.c'
'Invoking: ARM gcc compiler'
arm-xilinx-eabi-gcc -Wall -O0 -g3 -c -fmessage-length=0 -I../../standalone_bsp_0/ps7_cortexa9_0/include -MMD -MP -MF"src/lcd.d" -MT"src/lcd.d" -o "src/lcd.o" "../src/lcd.c"
../src/lcd.c:227:6: warning: return type of 'main' is not 'int' [-Wmain]
../src/lcd.c: In function 'main':
../src/lcd.c:243:8: warning: unused variable 'data' [-Wunused-variable]
../src/lcd.c:243:6: warning: variable 'i' set but not used [-Wunused-but-set-variable]
../src/lcd.c: At top level:
../src/lcd.c:277:7: error: expected declaration specifiers or '...' before numeric constant
../src/lcd.c:278:1: error: expected identifier or '(' before '}' token
make: *** [src/lcd.o] ´íÎó 1
19:35:36 **** Auto Build of configuration Debug for project cxw ****
make all 
'Building file: ../src/lcd.c'
'Invoking: ARM gcc compiler'
arm-xilinx-eabi-gcc -Wall -O0 -g3 -c -fmessage-length=0 -I../../standalone_bsp_0/ps7_cortexa9_0/include -MMD -MP -MF"src/lcd.d" -MT"src/lcd.d" -o "src/lcd.o" "../src/lcd.c"
../src/lcd.c:227:6: warning: return type of 'main' is not 'int' [-Wmain]
../src/lcd.c: In function 'main':
../src/lcd.c:243:8: warning: unused variable 'data' [-Wunused-variable]
../src/lcd.c:243:6: warning: variable 'i' set but not used [-Wunused-but-set-variable]
../src/lcd.c: At top level:
../src/lcd.c:277:7: error: expected declaration specifiers or '...' before numeric constant
../src/lcd.c:278:1: error: expected identifier or '(' before '}' token
make: *** [src/lcd.o] ´íÎó 1
19:35:53 **** Auto Build of configuration Debug for project cxw ****
make all 
'Building file: ../src/lcd.c'
'Invoking: ARM gcc compiler'
arm-xilinx-eabi-gcc -Wall -O0 -g3 -c -fmessage-length=0 -I../../standalone_bsp_0/ps7_cortexa9_0/include -MMD -MP -MF"src/lcd.d" -MT"src/lcd.d" -o "src/lcd.o" "../src/lcd.c"
../src/lcd.c:227:6: warning: return type of 'main' is not 'int' [-Wmain]
../src/lcd.c: In function 'main':
../src/lcd.c:271:2: warning: implicit declaration of function 'exit' [-Wimplicit-function-declaration]
../src/lcd.c:271:2: warning: incompatible implicit declaration of built-in function 'exit' [enabled by default]
../src/lcd.c:243:8: warning: unused variable 'data' [-Wunused-variable]
../src/lcd.c:243:6: warning: variable 'i' set but not used [-Wunused-but-set-variable]
'Finished building: ../src/lcd.c'
' '
'Building target: cxw.elf'
'Invoking: ARM gcc linker'
arm-xilinx-eabi-gcc -Wl,-T -Wl,../src/lscript.ld -L../../standalone_bsp_0/ps7_cortexa9_0/lib -o "cxw.elf"  ./src/i2c.o ./src/lcd.o ./src/tmp.o   -Wl,--start-group,-lxil,-lgcc,-lc,--end-group
'Finished building target: cxw.elf'
' '
'Invoking: ARM Print Size'
arm-xilinx-eabi-size cxw.elf  |tee "cxw.elf.size"
   text	   data	    bss	    dec	    hex	filename
  26704	   1152	  22644	  50500	   c544	cxw.elf
'Finished building: cxw.elf.size'
' '
19:36:21 **** Incremental Build of configuration Debug for project cxw ****
make all 
make: Nothing to be done for `all'.
19:37:38 **** Incremental Build of configuration Debug for project cxw ****
make all 
make: Nothing to be done for `all'.
19:38:53 **** Auto Build of configuration Debug for project cxw ****
make all 
'Building file: ../src/lcd.c'
'Invoking: ARM gcc compiler'
arm-xilinx-eabi-gcc -Wall -O0 -g3 -c -fmessage-length=0 -I../../standalone_bsp_0/ps7_cortexa9_0/include -MMD -MP -MF"src/lcd.d" -MT"src/lcd.d" -o "src/lcd.o" "../src/lcd.c"
../src/lcd.c:227:6: warning: return type of 'main' is not 'int' [-Wmain]
../src/lcd.c: In function 'main':
../src/lcd.c:271:2: warning: implicit declaration of function 'exit' [-Wimplicit-function-declaration]
../src/lcd.c:271:2: warning: incompatible implicit declaration of built-in function 'exit' [enabled by default]
../src/lcd.c:243:8: warning: unused variable 'data' [-Wunused-variable]
../src/lcd.c:243:6: warning: variable 'i' set but not used [-Wunused-but-set-variable]
'Finished building: ../src/lcd.c'
' '
'Building target: cxw.elf'
'Invoking: ARM gcc linker'
arm-xilinx-eabi-gcc -Wl,-T -Wl,../src/lscript.ld -L../../standalone_bsp_0/ps7_cortexa9_0/lib -o "cxw.elf"  ./src/i2c.o ./src/lcd.o ./src/tmp.o   -Wl,--start-group,-lxil,-lgcc,-lc,--end-group
'Finished building target: cxw.elf'
' '
'Invoking: ARM Print Size'
arm-xilinx-eabi-size cxw.elf  |tee "cxw.elf.size"
   text	   data	    bss	    dec	    hex	filename
  26736	   1152	  22644	  50532	   c564	cxw.elf
'Finished building: cxw.elf.size'
' '
19:39:16 **** Incremental Build of configuration Debug for project cxw ****
make all 
make: Nothing to be done for `all'.
19:52:02 **** Auto Build of configuration Debug for project cxw ****
make all 
'Building file: ../src/lcd.c'
'Invoking: ARM gcc compiler'
arm-xilinx-eabi-gcc -Wall -O0 -g3 -c -fmessage-length=0 -I../../standalone_bsp_0/ps7_cortexa9_0/include -MMD -MP -MF"src/lcd.d" -MT"src/lcd.d" -o "src/lcd.o" "../src/lcd.c"
../src/lcd.c: In function 'lcdmain':
../src/lcd.c:271:2: warning: implicit declaration of function 'exit' [-Wimplicit-function-declaration]
../src/lcd.c:271:2: warning: incompatible implicit declaration of built-in function 'exit' [enabled by default]
../src/lcd.c:243:8: warning: unused variable 'data' [-Wunused-variable]
../src/lcd.c:243:6: warning: variable 'i' set but not used [-Wunused-but-set-variable]
'Finished building: ../src/lcd.c'
' '
'Building target: cxw.elf'
'Invoking: ARM gcc linker'
arm-xilinx-eabi-gcc -Wl,-T -Wl,../src/lscript.ld -L../../standalone_bsp_0/ps7_cortexa9_0/lib -o "cxw.elf"  ./src/i2c.o ./src/lcd.o ./src/tmp.o   -Wl,--start-group,-lxil,-lgcc,-lc,--end-group
../../standalone_bsp_0/ps7_cortexa9_0/lib\libxil.a(xil-crt0.o): In function `_start':
D:\solution\cxw2\cxw2.sdk\SDK\SDK_Export\standalone_bsp_0\ps7_cortexa9_0\libsrc\standalone_v3_12_a\src/xil-crt0.S:149: undefined reference to `main'
collect2.exe: error: ld returned 1 exit status
make: *** [cxw.elf] ´íÎó 1
19:52:27 **** Auto Build of configuration Debug for project cxw ****
make all 
'Building file: ../src/cuslcd.c'
'Invoking: ARM gcc compiler'
arm-xilinx-eabi-gcc -Wall -O0 -g3 -c -fmessage-length=0 -I../../standalone_bsp_0/ps7_cortexa9_0/include -MMD -MP -MF"src/cuslcd.d" -MT"src/cuslcd.d" -o "src/cuslcd.o" "../src/cuslcd.c"
'Finished building: ../src/cuslcd.c'
' '
'Building target: cxw.elf'
'Invoking: ARM gcc linker'
arm-xilinx-eabi-gcc -Wl,-T -Wl,../src/lscript.ld -L../../standalone_bsp_0/ps7_cortexa9_0/lib -o "cxw.elf"  ./src/cuslcd.o ./src/i2c.o ./src/lcd.o ./src/tmp.o   -Wl,--start-group,-lxil,-lgcc,-lc,--end-group
../../standalone_bsp_0/ps7_cortexa9_0/lib\libxil.a(xil-crt0.o): In function `_start':
D:\solution\cxw2\cxw2.sdk\SDK\SDK_Export\standalone_bsp_0\ps7_cortexa9_0\libsrc\standalone_v3_12_a\src/xil-crt0.S:149: undefined reference to `main'
collect2.exe: error: ld returned 1 exit status
make: *** [cxw.elf] ´íÎó 1
20:02:46 **** Auto Build of configuration Debug for project cxw ****
make all 
'Building file: ../src/cuslcd.c'
'Invoking: ARM gcc compiler'
arm-xilinx-eabi-gcc -Wall -O0 -g3 -c -fmessage-length=0 -I../../standalone_bsp_0/ps7_cortexa9_0/include -MMD -MP -MF"src/cuslcd.d" -MT"src/cuslcd.d" -o "src/cuslcd.o" "../src/cuslcd.c"
'Finished building: ../src/cuslcd.c'
' '
'Building target: cxw.elf'
'Invoking: ARM gcc linker'
arm-xilinx-eabi-gcc -Wl,-T -Wl,../src/lscript.ld -L../../standalone_bsp_0/ps7_cortexa9_0/lib -o "cxw.elf"  ./src/cuslcd.o ./src/i2c.o ./src/lcd.o ./src/tmp.o   -Wl,--start-group,-lxil,-lgcc,-lc,--end-group
../../standalone_bsp_0/ps7_cortexa9_0/lib\libxil.a(xil-crt0.o): In function `_start':
D:\solution\cxw2\cxw2.sdk\SDK\SDK_Export\standalone_bsp_0\ps7_cortexa9_0\libsrc\standalone_v3_12_a\src/xil-crt0.S:149: undefined reference to `main'
collect2.exe: error: ld returned 1 exit status
make: *** [cxw.elf] ´íÎó 1
20:15:35 **** Auto Build of configuration Debug for project cxw ****
make all 
'Building file: ../src/cuslcd.c'
'Invoking: ARM gcc compiler'
arm-xilinx-eabi-gcc -Wall -O0 -g3 -c -fmessage-length=0 -I../../standalone_bsp_0/ps7_cortexa9_0/include -MMD -MP -MF"src/cuslcd.d" -MT"src/cuslcd.d" -o "src/cuslcd.o" "../src/cuslcd.c"
../src/cuslcd.c: In function 'LCD_init':
../src/cuslcd.c:33:2: warning: implicit declaration of function 'Write_Command' [-Wimplicit-function-declaration]
../src/cuslcd.c: At top level:
../src/cuslcd.c:41:6: warning: conflicting types for 'Write_Command' [enabled by default]
../src/cuslcd.c:33:2: note: previous implicit declaration of 'Write_Command' was here
'Finished building: ../src/cuslcd.c'
' '
'Building target: cxw.elf'
'Invoking: ARM gcc linker'
arm-xilinx-eabi-gcc -Wl,-T -Wl,../src/lscript.ld -L../../standalone_bsp_0/ps7_cortexa9_0/lib -o "cxw.elf"  ./src/cuslcd.o ./src/i2c.o ./src/lcd.o ./src/tmp.o   -Wl,--start-group,-lxil,-lgcc,-lc,--end-group
./src/lcd.o: In function `usleep':
D:\solution\cxw2\cxw2.sdk\SDK\SDK_Export\cxw\Debug/../src/lcd.c:16: multiple definition of `usleep'
./src/cuslcd.o:D:\solution\cxw2\cxw2.sdk\SDK\SDK_Export\cxw\Debug/../src/cuslcd.c:24: first defined here
../../standalone_bsp_0/ps7_cortexa9_0/lib\libxil.a(xil-crt0.o): In function `_start':
D:\solution\cxw2\cxw2.sdk\SDK\SDK_Export\standalone_bsp_0\ps7_cortexa9_0\libsrc\standalone_v3_12_a\src/xil-crt0.S:149: undefined reference to `main'
collect2.exe: error: ld returned 1 exit status
make: *** [cxw.elf] ´íÎó 1
20:18:36 **** Auto Build of configuration Debug for project cxw ****
make all 
'Building file: ../src/cuslcd.c'
'Invoking: ARM gcc compiler'
arm-xilinx-eabi-gcc -Wall -O0 -g3 -c -fmessage-length=0 -I../../standalone_bsp_0/ps7_cortexa9_0/include -MMD -MP -MF"src/cuslcd.d" -MT"src/cuslcd.d" -o "src/cuslcd.o" "../src/cuslcd.c"
../src/cuslcd.c: In function 'LCD_Init':
../src/cuslcd.c:33:2: warning: implicit declaration of function 'Write_Command' [-Wimplicit-function-declaration]
../src/cuslcd.c: At top level:
../src/cuslcd.c:41:6: warning: conflicting types for 'Write_Command' [enabled by default]
../src/cuslcd.c:33:2: note: previous implicit declaration of 'Write_Command' was here
'Finished building: ../src/cuslcd.c'
' '
'Building target: cxw.elf'
'Invoking: ARM gcc linker'
arm-xilinx-eabi-gcc -Wl,-T -Wl,../src/lscript.ld -L../../standalone_bsp_0/ps7_cortexa9_0/lib -o "cxw.elf"  ./src/cuslcd.o ./src/i2c.o ./src/lcd.o ./src/tmp.o   -Wl,--start-group,-lxil,-lgcc,-lc,--end-group
./src/lcd.o: In function `usleep':
D:\solution\cxw2\cxw2.sdk\SDK\SDK_Export\cxw\Debug/../src/lcd.c:16: multiple definition of `usleep'
./src/cuslcd.o:D:\solution\cxw2\cxw2.sdk\SDK\SDK_Export\cxw\Debug/../src/cuslcd.c:24: first defined here
../../standalone_bsp_0/ps7_cortexa9_0/lib\libxil.a(xil-crt0.o): In function `_start':
D:\solution\cxw2\cxw2.sdk\SDK\SDK_Export\standalone_bsp_0\ps7_cortexa9_0\libsrc\standalone_v3_12_a\src/xil-crt0.S:149: undefined reference to `main'
collect2.exe: error: ld returned 1 exit status
make: *** [cxw.elf] ´íÎó 1
20:19:18 **** Auto Build of configuration Debug for project cxw ****
make all 
'Building file: ../src/lcd.c'
'Invoking: ARM gcc compiler'
arm-xilinx-eabi-gcc -Wall -O0 -g3 -c -fmessage-length=0 -I../../standalone_bsp_0/ps7_cortexa9_0/include -MMD -MP -MF"src/lcd.d" -MT"src/lcd.d" -o "src/lcd.o" "../src/lcd.c"
../src/lcd.c: In function 'XromInitInst':
../src/lcd.c:48:3: warning: implicit declaration of function 'usleep' [-Wimplicit-function-declaration]
../src/lcd.c: In function 'lcdmain':
../src/lcd.c:271:2: warning: implicit declaration of function 'exit' [-Wimplicit-function-declaration]
../src/lcd.c:271:2: warning: incompatible implicit declaration of built-in function 'exit' [enabled by default]
../src/lcd.c:243:8: warning: unused variable 'data' [-Wunused-variable]
../src/lcd.c:243:6: warning: variable 'i' set but not used [-Wunused-but-set-variable]
'Finished building: ../src/lcd.c'
' '
'Building target: cxw.elf'
'Invoking: ARM gcc linker'
arm-xilinx-eabi-gcc -Wl,-T -Wl,../src/lscript.ld -L../../standalone_bsp_0/ps7_cortexa9_0/lib -o "cxw.elf"  ./src/cuslcd.o ./src/i2c.o ./src/lcd.o ./src/tmp.o   -Wl,--start-group,-lxil,-lgcc,-lc,--end-group
../../standalone_bsp_0/ps7_cortexa9_0/lib\libxil.a(xil-crt0.o): In function `_start':
D:\solution\cxw2\cxw2.sdk\SDK\SDK_Export\standalone_bsp_0\ps7_cortexa9_0\libsrc\standalone_v3_12_a\src/xil-crt0.S:149: undefined reference to `main'
collect2.exe: error: ld returned 1 exit status
make: *** [cxw.elf] ´íÎó 1
20:24:09 **** Auto Build of configuration Debug for project cxw ****
make all 
'Building file: ../src/cuslcd.c'
'Invoking: ARM gcc compiler'
arm-xilinx-eabi-gcc -Wall -O0 -g3 -c -fmessage-length=0 -I../../standalone_bsp_0/ps7_cortexa9_0/include -MMD -MP -MF"src/cuslcd.d" -MT"src/cuslcd.d" -o "src/cuslcd.o" "../src/cuslcd.c"
../src/cuslcd.c: In function 'LCD_Init':
../src/cuslcd.c:33:2: warning: implicit declaration of function 'Write_Command' [-Wimplicit-function-declaration]
../src/cuslcd.c: At top level:
../src/cuslcd.c:41:6: warning: conflicting types for 'Write_Command' [enabled by default]
../src/cuslcd.c:33:2: note: previous implicit declaration of 'Write_Command' was here
'Finished building: ../src/cuslcd.c'
' '
'Building target: cxw.elf'
'Invoking: ARM gcc linker'
arm-xilinx-eabi-gcc -Wl,-T -Wl,../src/lscript.ld -L../../standalone_bsp_0/ps7_cortexa9_0/lib -o "cxw.elf"  ./src/cuslcd.o ./src/i2c.o ./src/lcd.o ./src/tmp.o   -Wl,--start-group,-lxil,-lgcc,-lc,--end-group
../../standalone_bsp_0/ps7_cortexa9_0/lib\libxil.a(xil-crt0.o): In function `_start':
D:\solution\cxw2\cxw2.sdk\SDK\SDK_Export\standalone_bsp_0\ps7_cortexa9_0\libsrc\standalone_v3_12_a\src/xil-crt0.S:149: undefined reference to `main'
collect2.exe: error: ld returned 1 exit status
make: *** [cxw.elf] ´íÎó 1
20:25:27 **** Auto Build of configuration Debug for project cxw ****
make all 
'Building file: ../src/cuslcd.c'
'Invoking: ARM gcc compiler'
arm-xilinx-eabi-gcc -Wall -O0 -g3 -c -fmessage-length=0 -I../../standalone_bsp_0/ps7_cortexa9_0/include -MMD -MP -MF"src/cuslcd.d" -MT"src/cuslcd.d" -o "src/cuslcd.o" "../src/cuslcd.c"
../src/cuslcd.c: In function 'LCD_Init':
../src/cuslcd.c:33:2: warning: implicit declaration of function 'Write_Command' [-Wimplicit-function-declaration]
../src/cuslcd.c: At top level:
../src/cuslcd.c:41:6: warning: conflicting types for 'Write_Command' [enabled by default]
../src/cuslcd.c:33:2: note: previous implicit declaration of 'Write_Command' was here
../src/cuslcd.c:80:6: warning: return type of 'main' is not 'int' [-Wmain]
../src/cuslcd.c: In function 'main':
../src/cuslcd.c:84:2: warning: passing argument 3 of 'Disp_Char' makes integer from pointer without a cast [enabled by default]
../src/cuslcd.c:68:6: note: expected 'char' but argument is of type 'char *'
'Finished building: ../src/cuslcd.c'
' '
'Building target: cxw.elf'
'Invoking: ARM gcc linker'
arm-xilinx-eabi-gcc -Wl,-T -Wl,../src/lscript.ld -L../../standalone_bsp_0/ps7_cortexa9_0/lib -o "cxw.elf"  ./src/cuslcd.o ./src/i2c.o ./src/lcd.o ./src/tmp.o   -Wl,--start-group,-lxil,-lgcc,-lc,--end-group
'Finished building target: cxw.elf'
' '
'Invoking: ARM Print Size'
arm-xilinx-eabi-size cxw.elf  |tee "cxw.elf.size"
   text	   data	    bss	    dec	    hex	filename
  27344	   1152	  22644	  51140	   c7c4	cxw.elf
'Finished building: cxw.elf.size'
' '
11:12:18 **** Auto Build of project standalone_bsp_0 ****
make -k all 
libgen -hw ../hw_platform_0/system.xml\
	       \
	       -pe ps7_cortexa9_0 \
	       -log libgen.log \
	       system.mss
libgen
Xilinx EDK 2013.4 Build EDK_2013.4.20131205
Copyright (c) 1995-2012 Xilinx, Inc.  All rights reserved.

Command Line: libgen -hw ../hw_platform_0/system.xml -pe ps7_cortexa9_0 -log
libgen.log system.mss 


Staging source files.
Running DRCs.
Running generate.
Running post_generate.
Running include - 'make -s include "COMPILER=arm-xilinx-eabi-gcc"
"ARCHIVER=arm-xilinx-eabi-ar" "COMPILER_FLAGS= -O2 -c"
"EXTRA_COMPILER_FLAGS=-g"'.

Running libs - 'make -s libs "COMPILER=arm-xilinx-eabi-gcc"
"ARCHIVER=arm-xilinx-eabi-ar" "COMPILER_FLAGS= -O2 -c"
"EXTRA_COMPILER_FLAGS=-g"'.
"Compiling common"
arm-xilinx-eabi-ar: creating ../../../lib/libxil.a
"Compiling standalone"
"Compiling iic"
"Compiling gpio"
"Compiling devcfg"
"Compiling dmaps"
"Compiling scugic"
"Compiling scutimer"
"Compiling scuwdt"
"Compiling uartps"
"Compiling xadcps"
"Compiling cpu_cortexa9"
Running execs_generate.
'Finished building libraries'
11:14:20 **** Auto Build of project standalone_bsp_0 ****
make -k all 
'Finished building libraries'
11:14:22 **** Auto Build of project standalone_bsp_0 ****
make -k all 
'Finished building libraries'
11:14:25 **** Auto Build of configuration Debug for project cxw ****
make all 
make: Nothing to be done for `all'.
11:15:02 **** Auto Build of configuration Debug for project cxw ****
make all 
'Building file: ../src/cuslcd.c'
'Invoking: ARM gcc compiler'
arm-xilinx-eabi-gcc -Wall -O0 -g3 -c -fmessage-length=0 -I../../standalone_bsp_0/ps7_cortexa9_0/include -MMD -MP -MF"src/cuslcd.d" -MT"src/cuslcd.d" -o "src/cuslcd.o" "../src/cuslcd.c"
../src/cuslcd.c: In function 'LCD_Init':
../src/cuslcd.c:33:2: warning: implicit declaration of function 'Write_Command' [-Wimplicit-function-declaration]
../src/cuslcd.c: At top level:
../src/cuslcd.c:41:6: warning: conflicting types for 'Write_Command' [enabled by default]
../src/cuslcd.c:33:2: note: previous implicit declaration of 'Write_Command' was here
../src/cuslcd.c:80:6: warning: return type of 'main' is not 'int' [-Wmain]
../src/cuslcd.c: In function 'main':
../src/cuslcd.c:87:2: warning: passing argument 3 of 'Disp_Char' makes integer from pointer without a cast [enabled by default]
../src/cuslcd.c:68:6: note: expected 'char' but argument is of type 'char *'
'Finished building: ../src/cuslcd.c'
' '
'Building target: cxw.elf'
'Invoking: ARM gcc linker'
arm-xilinx-eabi-gcc -Wl,-T -Wl,../src/lscript.ld -L../../standalone_bsp_0/ps7_cortexa9_0/lib -o "cxw.elf"  ./src/cuslcd.o ./src/i2c.o ./src/lcd.o ./src/tmp.o   -Wl,--start-group,-lxil,-lgcc,-lc,--end-group
'Finished building target: cxw.elf'
' '
'Invoking: ARM Print Size'
arm-xilinx-eabi-size cxw.elf  |tee "cxw.elf.size"
   text	   data	    bss	    dec	    hex	filename
  27380	   1152	  22644	  51176	   c7e8	cxw.elf
'Finished building: cxw.elf.size'
' '
11:17:01 **** Build of project standalone_bsp_0 ****
make -k all 
libgen -hw ../hw_platform_0/system.xml\
	       \
	       -pe ps7_cortexa9_0 \
	       -log libgen.log \
	       system.mss
libgen
Xilinx EDK 2013.4 Build EDK_2013.4.20131205
Copyright (c) 1995-2012 Xilinx, Inc.  All rights reserved.

Command Line: libgen -hw ../hw_platform_0/system.xml -pe ps7_cortexa9_0 -log
libgen.log system.mss 


Staging source files.
Running DRCs.
Running generate.
Running post_generate.
Running include - 'make -s include "COMPILER=arm-xilinx-eabi-gcc"
"ARCHIVER=arm-xilinx-eabi-ar" "COMPILER_FLAGS= -O2 -c"
"EXTRA_COMPILER_FLAGS=-g"'.

Running libs - 'make -s libs "COMPILER=arm-xilinx-eabi-gcc"
"ARCHIVER=arm-xilinx-eabi-ar" "COMPILER_FLAGS= -O2 -c"
"EXTRA_COMPILER_FLAGS=-g"'.
"Compiling common"
arm-xilinx-eabi-ar: creating ../../../lib/libxil.a
"Compiling standalone"
"Compiling iic"
"Compiling gpio"
"Compiling devcfg"
"Compiling dmaps"
"Compiling scugic"
"Compiling scutimer"
"Compiling scuwdt"
"Compiling uartps"
"Compiling xadcps"
"Compiling cpu_cortexa9"
Running execs_generate.
'Finished building libraries'

**** Build of configuration Debug for project cxw ****

Nothing to build for project cxw
11:19:10 **** Auto Build of configuration Debug for project cxw ****
make all 
'Building file: ../src/cxw.c'
'Invoking: ARM gcc compiler'
arm-xilinx-eabi-gcc -Wall -O0 -g3 -c -fmessage-length=0 -I../../standalone_bsp_0/ps7_cortexa9_0/include -MMD -MP -MF"src/cxw.d" -MT"src/cxw.d" -o "src/cxw.o" "../src/cxw.c"
'Finished building: ../src/cxw.c'
' '
'Building target: cxw.elf'
'Invoking: ARM gcc linker'
arm-xilinx-eabi-gcc -Wl,-T -Wl,../src/lscript.ld -L../../standalone_bsp_0/ps7_cortexa9_0/lib -o "cxw.elf"  ./src/cxw.o   -Wl,--start-group,-lxil,-lgcc,-lc,--end-group
../../standalone_bsp_0/ps7_cortexa9_0/lib\libxil.a(xil-crt0.o): In function `_start':
D:\solution\cxw2\cxw2.sdk\SDK\SDK_Export\standalone_bsp_0\ps7_cortexa9_0\libsrc\standalone_v3_12_a\src/xil-crt0.S:149: undefined reference to `main'
collect2.exe: error: ld returned 1 exit status
make: *** [cxw.elf] ´íÎó 1
11:24:32 **** Auto Build of configuration Debug for project cxw ****
make all 
'Building file: ../src/cxw.c'
'Invoking: ARM gcc compiler'
arm-xilinx-eabi-gcc -Wall -O0 -g3 -c -fmessage-length=0 -I../../standalone_bsp_0/ps7_cortexa9_0/include -MMD -MP -MF"src/cxw.d" -MT"src/cxw.d" -o "src/cxw.o" "../src/cxw.c"
../src/cxw.c: In function 'LCD_Init':
../src/cxw.c:41:2: warning: implicit declaration of function 'Write_Command' [-Wimplicit-function-declaration]
../src/cxw.c: At top level:
../src/cxw.c:49:6: warning: conflicting types for 'Write_Command' [enabled by default]
../src/cxw.c:41:2: note: previous implicit declaration of 'Write_Command' was here
../src/cxw.c:88:6: warning: return type of 'main' is not 'int' [-Wmain]
../src/cxw.c: In function 'main':
../src/cxw.c:95:2: warning: passing argument 3 of 'Disp_Char' makes integer from pointer without a cast [enabled by default]
../src/cxw.c:76:6: note: expected 'char' but argument is of type 'char *'
'Finished building: ../src/cxw.c'
' '
'Building target: cxw.elf'
'Invoking: ARM gcc linker'
arm-xilinx-eabi-gcc -Wl,-T -Wl,../src/lscript.ld -L../../standalone_bsp_0/ps7_cortexa9_0/lib -o "cxw.elf"  ./src/cxw.o   -Wl,--start-group,-lxil,-lgcc,-lc,--end-group
'Finished building target: cxw.elf'
' '
'Invoking: ARM Print Size'
arm-xilinx-eabi-size cxw.elf  |tee "cxw.elf.size"
   text	   data	    bss	    dec	    hex	filename
  21440	   1128	  22644	  45212	   b09c	cxw.elf
'Finished building: cxw.elf.size'
' '
11:25:57 **** Incremental Build of configuration Debug for project cxw ****
make all 
make: Nothing to be done for `all'.
11:30:56 **** Auto Build of configuration Debug for project cxw ****
make all 
'Building file: ../src/cxw.c'
'Invoking: ARM gcc compiler'
arm-xilinx-eabi-gcc -Wall -O0 -g3 -c -fmessage-length=0 -I../../standalone_bsp_0/ps7_cortexa9_0/include -MMD -MP -MF"src/cxw.d" -MT"src/cxw.d" -o "src/cxw.o" "../src/cxw.c"
../src/cxw.c: In function 'LCD_Init':
../src/cxw.c:41:2: warning: implicit declaration of function 'Write_Command' [-Wimplicit-function-declaration]
../src/cxw.c: At top level:
../src/cxw.c:49:6: warning: conflicting types for 'Write_Command' [enabled by default]
../src/cxw.c:41:2: note: previous implicit declaration of 'Write_Command' was here
../src/cxw.c:93:6: warning: return type of 'main' is not 'int' [-Wmain]
../src/cxw.c: In function 'main':
../src/cxw.c:101:2: warning: passing argument 3 of 'Disp_Char' makes integer from pointer without a cast [enabled by default]
../src/cxw.c:81:6: note: expected 'char' but argument is of type 'char *'
'Finished building: ../src/cxw.c'
' '
'Building target: cxw.elf'
'Invoking: ARM gcc linker'
arm-xilinx-eabi-gcc -Wl,-T -Wl,../src/lscript.ld -L../../standalone_bsp_0/ps7_cortexa9_0/lib -o "cxw.elf"  ./src/cxw.o   -Wl,--start-group,-lxil,-lgcc,-lc,--end-group
'Finished building target: cxw.elf'
' '
'Invoking: ARM Print Size'
arm-xilinx-eabi-size cxw.elf  |tee "cxw.elf.size"
   text	   data	    bss	    dec	    hex	filename
  24500	   1136	  22644	  48280	   bc98	cxw.elf
'Finished building: cxw.elf.size'
' '
[...]
../src/main.c:21:2: note: previous implicit declaration of 'LCD_Write_Command' was here
../src/main.c:190:6: warning: return type of 'main' is not 'int' [-Wmain]
../src/main.c: In function 'main':
../src/main.c:211:4: error: incompatible type for argument 1 of 'XGpio_DiscreteWrite'
In file included from ../src/main.c:4:0:
../../standalone_bsp_0/ps7_cortexa9_0/include/xgpio.h:174:6: note: expected 'struct XGpio *' but argument is of type 'XGpio'
../src/main.c:213:4: error: incompatible type for argument 1 of 'XGpio_DiscreteWrite'
In file included from ../src/main.c:4:0:
../../standalone_bsp_0/ps7_cortexa9_0/include/xgpio.h:174:6: note: expected 'struct XGpio *' but argument is of type 'XGpio'
../src/main.c:218:2: warning: implicit declaration of function 'exit' [-Wimplicit-function-declaration]
../src/main.c:218:2: warning: incompatible implicit declaration of built-in function 'exit' [enabled by default]
../src/main.c:202:6: warning: variable 'i' set but not used [-Wunused-but-set-variable]
make: *** [src/main.o] ´íÎó 1
16:33:25 **** Auto Build of configuration Debug for project cxw ****
make all 
'Building file: ../src/main.c'
'Invoking: ARM gcc compiler'
arm-xilinx-eabi-gcc -Wall -O0 -g3 -c -fmessage-length=0 -I../../standalone_bsp_0/ps7_cortexa9_0/include -MMD -MP -MF"src/main.d" -MT"src/main.d" -o "src/main.o" "../src/main.c"
../src/main.c: In function 'LCD_Init':
../src/main.c:21:2: warning: implicit declaration of function 'LCD_Write_Command' [-Wimplicit-function-declaration]
../src/main.c: At top level:
../src/main.c:36:6: warning: conflicting types for 'LCD_Write_Command' [enabled by default]
../src/main.c:21:2: note: previous implicit declaration of 'LCD_Write_Command' was here
../src/main.c:190:6: warning: return type of 'main' is not 'int' [-Wmain]
../src/main.c: In function 'main':
../src/main.c:220:2: warning: implicit declaration of function 'exit' [-Wimplicit-function-declaration]
../src/main.c:220:2: warning: incompatible implicit declaration of built-in function 'exit' [enabled by default]
../src/main.c:202:6: warning: variable 'i' set but not used [-Wunused-but-set-variable]
'Finished building: ../src/main.c'
' '
'Building target: cxw.elf'
'Invoking: ARM gcc linker'
arm-xilinx-eabi-gcc -Wl,-T -Wl,../src/lscript.ld -L../../standalone_bsp_0/ps7_cortexa9_0/lib -o "cxw.elf"  ./src/i2c.o ./src/main.o ./src/tmp.o   -Wl,--start-group,-lxil,-lgcc,-lc,--end-group
'Finished building target: cxw.elf'
' '
'Invoking: ARM Print Size'
arm-xilinx-eabi-size cxw.elf  |tee "cxw.elf.size"
   text	   data	    bss	    dec	    hex	filename
  26552	   1152	  22660	  50364	   c4bc	cxw.elf
'Finished building: cxw.elf.size'
' '
16:37:35 **** Auto Build of configuration Debug for project cxw ****
make all 
'Building file: ../src/main.c'
'Invoking: ARM gcc compiler'
arm-xilinx-eabi-gcc -Wall -O0 -g3 -c -fmessage-length=0 -I../../standalone_bsp_0/ps7_cortexa9_0/include -MMD -MP -MF"src/main.d" -MT"src/main.d" -o "src/main.o" "../src/main.c"
../src/main.c: In function 'LCD_Init':
../src/main.c:21:2: warning: implicit declaration of function 'LCD_Write_Command' [-Wimplicit-function-declaration]
../src/main.c: At top level:
../src/main.c:36:6: warning: conflicting types for 'LCD_Write_Command' [enabled by default]
../src/main.c:21:2: note: previous implicit declaration of 'LCD_Write_Command' was here
../src/main.c:190:6: warning: return type of 'main' is not 'int' [-Wmain]
../src/main.c: In function 'main':
../src/main.c:211:11: error: 'data' undeclared (first use in this function)
../src/main.c:211:11: note: each undeclared identifier is reported only once for each function it appears in
../src/main.c:219:2: warning: implicit declaration of function 'exit' [-Wimplicit-function-declaration]
../src/main.c:219:2: warning: incompatible implicit declaration of built-in function 'exit' [enabled by default]
make: *** [src/main.o] ´íÎó 1
16:37:45 **** Auto Build of configuration Debug for project cxw ****
make all 
'Building file: ../src/main.c'
'Invoking: ARM gcc compiler'
arm-xilinx-eabi-gcc -Wall -O0 -g3 -c -fmessage-length=0 -I../../standalone_bsp_0/ps7_cortexa9_0/include -MMD -MP -MF"src/main.d" -MT"src/main.d" -o "src/main.o" "../src/main.c"
../src/main.c: In function 'LCD_Init':
../src/main.c:21:2: warning: implicit declaration of function 'LCD_Write_Command' [-Wimplicit-function-declaration]
../src/main.c: At top level:
../src/main.c:36:6: warning: conflicting types for 'LCD_Write_Command' [enabled by default]
../src/main.c:21:2: note: previous implicit declaration of 'LCD_Write_Command' was here
../src/main.c:190:6: warning: return type of 'main' is not 'int' [-Wmain]
../src/main.c: In function 'main':
../src/main.c:219:2: warning: implicit declaration of function 'exit' [-Wimplicit-function-declaration]
../src/main.c:219:2: warning: incompatible implicit declaration of built-in function 'exit' [enabled by default]
'Finished building: ../src/main.c'
' '
'Building target: cxw.elf'
'Invoking: ARM gcc linker'
arm-xilinx-eabi-gcc -Wl,-T -Wl,../src/lscript.ld -L../../standalone_bsp_0/ps7_cortexa9_0/lib -o "cxw.elf"  ./src/i2c.o ./src/main.o ./src/tmp.o   -Wl,--start-group,-lxil,-lgcc,-lc,--end-group
'Finished building target: cxw.elf'
' '
'Invoking: ARM Print Size'
arm-xilinx-eabi-size cxw.elf  |tee "cxw.elf.size"
   text	   data	    bss	    dec	    hex	filename
  26544	   1152	  22660	  50356	   c4b4	cxw.elf
'Finished building: cxw.elf.size'
' '
17:08:44 **** Incremental Build of configuration Debug for project cxw ****
make all 
make: Nothing to be done for `all'.
17:12:42 **** Auto Build of configuration Debug for project cxw ****
make all 
'Building file: ../src/tmp.c'
'Invoking: ARM gcc compiler'
arm-xilinx-eabi-gcc -Wall -O0 -g3 -c -fmessage-length=0 -I../../standalone_bsp_0/ps7_cortexa9_0/include -MMD -MP -MF"src/tmp.d" -MT"src/tmp.d" -o "src/tmp.o" "../src/tmp.c"
../src/tmp.c: In function 'Read_Tmp':
../src/tmp.c:16:3: warning: implicit declaration of function 'xil_printf' [-Wimplicit-function-declaration]
'Finished building: ../src/tmp.c'
' '
'Building target: cxw.elf'
'Invoking: ARM gcc linker'
arm-xilinx-eabi-gcc -Wl,-T -Wl,../src/lscript.ld -L../../standalone_bsp_0/ps7_cortexa9_0/lib -o "cxw.elf"  ./src/i2c.o ./src/main.o ./src/tmp.o   -Wl,--start-group,-lxil,-lgcc,-lc,--end-group
'Finished building target: cxw.elf'
' '
'Invoking: ARM Print Size'
arm-xilinx-eabi-size cxw.elf  |tee "cxw.elf.size"
   text	   data	    bss	    dec	    hex	filename
  26544	   1152	  22660	  50356	   c4b4	cxw.elf
'Finished building: cxw.elf.size'
' '
17:13:26 **** Auto Build of configuration Debug for project cxw ****
make all 
'Building file: ../src/tmp.c'
'Invoking: ARM gcc compiler'
arm-xilinx-eabi-gcc -Wall -O0 -g3 -c -fmessage-length=0 -I../../standalone_bsp_0/ps7_cortexa9_0/include -MMD -MP -MF"src/tmp.d" -MT"src/tmp.d" -o "src/tmp.o" "../src/tmp.c"
../src/tmp.c: In function 'Read_Tmp':
../src/tmp.c:17:3: warning: implicit declaration of function 'xil_printf' [-Wimplicit-function-declaration]
'Finished building: ../src/tmp.c'
' '
'Building target: cxw.elf'
'Invoking: ARM gcc linker'
arm-xilinx-eabi-gcc -Wl,-T -Wl,../src/lscript.ld -L../../standalone_bsp_0/ps7_cortexa9_0/lib -o "cxw.elf"  ./src/i2c.o ./src/main.o ./src/tmp.o   -Wl,--start-group,-lxil,-lgcc,-lc,--end-group
'Finished building target: cxw.elf'
' '
'Invoking: ARM Print Size'
arm-xilinx-eabi-size cxw.elf  |tee "cxw.elf.size"
   text	   data	    bss	    dec	    hex	filename
  26544	   1152	  22660	  50356	   c4b4	cxw.elf
'Finished building: cxw.elf.size'
' '
17:14:19 **** Incremental Build of configuration Debug for project cxw ****
make all 
make: Nothing to be done for `all'.
17:16:03 **** Auto Build of configuration Debug for project cxw ****
make all 
'Building file: ../src/tmp.c'
'Invoking: ARM gcc compiler'
arm-xilinx-eabi-gcc -Wall -O0 -g3 -c -fmessage-length=0 -I../../standalone_bsp_0/ps7_cortexa9_0/include -MMD -MP -MF"src/tmp.d" -MT"src/tmp.d" -o "src/tmp.o" "../src/tmp.c"
../src/tmp.c: In function 'Read_Tmp':
../src/tmp.c:17:3: warning: implicit declaration of function 'xil_printf' [-Wimplicit-function-declaration]
../src/tmp.c:14:6: warning: unused variable 'tmp' [-Wunused-variable]
'Finished building: ../src/tmp.c'
' '
'Building target: cxw.elf'
'Invoking: ARM gcc linker'
arm-xilinx-eabi-gcc -Wl,-T -Wl,../src/lscript.ld -L../../standalone_bsp_0/ps7_cortexa9_0/lib -o "cxw.elf"  ./src/i2c.o ./src/main.o ./src/tmp.o   -Wl,--start-group,-lxil,-lgcc,-lc,--end-group
'Finished building target: cxw.elf'
' '
'Invoking: ARM Print Size'
arm-xilinx-eabi-size cxw.elf  |tee "cxw.elf.size"
   text	   data	    bss	    dec	    hex	filename
  26544	   1152	  22660	  50356	   c4b4	cxw.elf
'Finished building: cxw.elf.size'
' '
17:17:12 **** Incremental Build of configuration Debug for project cxw ****
make all 
make: Nothing to be done for `all'.
17:25:35 **** Auto Build of configuration Debug for project cxw ****
make all 
'Building file: ../src/tmp.c'
'Invoking: ARM gcc compiler'
arm-xilinx-eabi-gcc -Wall -O0 -g3 -c -fmessage-length=0 -I../../standalone_bsp_0/ps7_cortexa9_0/include -MMD -MP -MF"src/tmp.d" -MT"src/tmp.d" -o "src/tmp.o" "../src/tmp.c"
../src/tmp.c: In function 'Read_Tmp':
../src/tmp.c:20:2: warning: implicit declaration of function 'xil_printf' [-Wimplicit-function-declaration]
../src/tmp.c:16:6: warning: unused variable 'tmp' [-Wunused-variable]
'Finished building: ../src/tmp.c'
' '
'Building target: cxw.elf'
'Invoking: ARM gcc linker'
arm-xilinx-eabi-gcc -Wl,-T -Wl,../src/lscript.ld -L../../standalone_bsp_0/ps7_cortexa9_0/lib -o "cxw.elf"  ./src/i2c.o ./src/main.o ./src/tmp.o   -Wl,--start-group,-lxil,-lgcc,-lc,--end-group
'Finished building target: cxw.elf'
' '
'Invoking: ARM Print Size'
arm-xilinx-eabi-size cxw.elf  |tee "cxw.elf.size"
   text	   data	    bss	    dec	    hex	filename
  26584	   1152	  22660	  50396	   c4dc	cxw.elf
'Finished building: cxw.elf.size'
' '
17:28:33 **** Incremental Build of configuration Debug for project cxw ****
make all 
make: Nothing to be done for `all'.
17:30:06 **** Incremental Build of configuration Debug for project cxw ****
make all 
make: Nothing to be done for `all'.
17:33:24 **** Auto Build of configuration Debug for project cxw ****
make all 
'Building file: ../src/i2c.c'
'Invoking: ARM gcc compiler'
arm-xilinx-eabi-gcc -Wall -O0 -g3 -c -fmessage-length=0 -I../../standalone_bsp_0/ps7_cortexa9_0/include -MMD -MP -MF"src/i2c.d" -MT"src/i2c.d" -o "src/i2c.o" "../src/i2c.c"
'Finished building: ../src/i2c.c'
' '
'Building target: cxw.elf'
'Invoking: ARM gcc linker'
arm-xilinx-eabi-gcc -Wl,-T -Wl,../src/lscript.ld -L../../standalone_bsp_0/ps7_cortexa9_0/lib -o "cxw.elf"  ./src/i2c.o ./src/main.o ./src/tmp.o   -Wl,--start-group,-lxil,-lgcc,-lc,--end-group
'Finished building target: cxw.elf'
' '
'Invoking: ARM Print Size'
arm-xilinx-eabi-size cxw.elf  |tee "cxw.elf.size"
   text	   data	    bss	    dec	    hex	filename
  26584	   1152	  22660	  50396	   c4dc	cxw.elf
'Finished building: cxw.elf.size'
' '
17:34:59 **** Incremental Build of configuration Debug for project cxw ****
make all 
make: Nothing to be done for `all'.
17:36:06 **** Incremental Build of configuration Debug for project cxw ****
make all 
make: Nothing to be done for `all'.
17:37:27 **** Auto Build of configuration Debug for project cxw ****
make all 
'Building file: ../src/i2c.c'
'Invoking: ARM gcc compiler'
arm-xilinx-eabi-gcc -Wall -O0 -g3 -c -fmessage-length=0 -I../../standalone_bsp_0/ps7_cortexa9_0/include -MMD -MP -MF"src/i2c.d" -MT"src/i2c.d" -o "src/i2c.o" "../src/i2c.c"
'Finished building: ../src/i2c.c'
' '
'Building target: cxw.elf'
'Invoking: ARM gcc linker'
arm-xilinx-eabi-gcc -Wl,-T -Wl,../src/lscript.ld -L../../standalone_bsp_0/ps7_cortexa9_0/lib -o "cxw.elf"  ./src/i2c.o ./src/main.o ./src/tmp.o   -Wl,--start-group,-lxil,-lgcc,-lc,--end-group
'Finished building target: cxw.elf'
' '
'Invoking: ARM Print Size'
arm-xilinx-eabi-size cxw.elf  |tee "cxw.elf.size"
   text	   data	    bss	    dec	    hex	filename
  26584	   1152	  22660	  50396	   c4dc	cxw.elf
'Finished building: cxw.elf.size'
' '
17:38:10 **** Incremental Build of configuration Debug for project cxw ****
make all 
make: Nothing to be done for `all'.
17:39:06 **** Auto Build of configuration Debug for project cxw ****
make all 
'Building file: ../src/main.c'
'Invoking: ARM gcc compiler'
arm-xilinx-eabi-gcc -Wall -O0 -g3 -c -fmessage-length=0 -I../../standalone_bsp_0/ps7_cortexa9_0/include -MMD -MP -MF"src/main.d" -MT"src/main.d" -o "src/main.o" "../src/main.c"
../src/main.c: In function 'LCD_Init':
../src/main.c:21:2: warning: implicit declaration of function 'LCD_Write_Command' [-Wimplicit-function-declaration]
../src/main.c: At top level:
../src/main.c:36:6: warning: conflicting types for 'LCD_Write_Command' [enabled by default]
../src/main.c:21:2: note: previous implicit declaration of 'LCD_Write_Command' was here
../src/main.c:190:6: warning: return type of 'main' is not 'int' [-Wmain]
../src/main.c: In function 'main':
../src/main.c:219:2: warning: implicit declaration of function 'exit' [-Wimplicit-function-declaration]
../src/main.c:219:2: warning: incompatible implicit declaration of built-in function 'exit' [enabled by default]
'Finished building: ../src/main.c'
' '
'Building target: cxw.elf'
'Invoking: ARM gcc linker'
arm-xilinx-eabi-gcc -Wl,-T -Wl,../src/lscript.ld -L../../standalone_bsp_0/ps7_cortexa9_0/lib -o "cxw.elf"  ./src/i2c.o ./src/main.o ./src/tmp.o   -Wl,--start-group,-lxil,-lgcc,-lc,--end-group
'Finished building target: cxw.elf'
' '
'Invoking: ARM Print Size'
arm-xilinx-eabi-size cxw.elf  |tee "cxw.elf.size"
   text	   data	    bss	    dec	    hex	filename
  26584	   1152	  22660	  50396	   c4dc	cxw.elf
'Finished building: cxw.elf.size'
' '
17:39:53 **** Incremental Build of configuration Debug for project cxw ****
make all 
make: Nothing to be done for `all'.
17:46:48 **** Incremental Build of configuration Debug for project cxw ****
make all 
make: Nothing to be done for `all'.
18:27:21 **** Incremental Build of configuration Debug for project cxw ****
make all 
make: Nothing to be done for `all'.
18:37:38 **** Incremental Build of configuration Debug for project cxw ****
make all 
make: Nothing to be done for `all'.
12:05:03 **** Auto Build of project standalone_bsp_0 ****
make -k all 
'Finished building libraries'
12:05:07 **** Auto Build of configuration Debug for project cxw ****
make all 
make: Nothing to be done for `all'.
12:05:10 **** Auto Build of project standalone_bsp_0 ****
make -k all 
'Finished building libraries'
12:06:06 **** Incremental Build of configuration Debug for project cxw ****
make all 
make: Nothing to be done for `all'.
12:07:22 **** Auto Build of configuration Debug for project cxw ****
make all 
'Building file: ../src/tmp.c'
'Invoking: ARM gcc compiler'
arm-xilinx-eabi-gcc -Wall -O0 -g3 -c -fmessage-length=0 -I../../standalone_bsp_0/ps7_cortexa9_0/include -MMD -MP -MF"src/tmp.d" -MT"src/tmp.d" -o "src/tmp.o" "../src/tmp.c"
../src/tmp.c: In function 'Read_Tmp':
../src/tmp.c:21:2: warning: implicit declaration of function 'xil_printf' [-Wimplicit-function-declaration]
../src/tmp.c:16:6: warning: unused variable 'tmp' [-Wunused-variable]
'Finished building: ../src/tmp.c'
' '
'Building target: cxw.elf'
'Invoking: ARM gcc linker'
arm-xilinx-eabi-gcc -Wl,-T -Wl,../src/lscript.ld -L../../standalone_bsp_0/ps7_cortexa9_0/lib -o "cxw.elf"  ./src/i2c.o ./src/main.o ./src/tmp.o   -Wl,--start-group,-lxil,-lgcc,-lc,--end-group
'Finished building target: cxw.elf'
' '
'Invoking: ARM Print Size'
arm-xilinx-eabi-size cxw.elf  |tee "cxw.elf.size"
   text	   data	    bss	    dec	    hex	filename
  26556	   1160	  22660	  50376	   c4c8	cxw.elf
'Finished building: cxw.elf.size'
' '
12:08:45 **** Auto Build of configuration Debug for project cxw ****
make all 
'Building file: ../src/tmp.c'
'Invoking: ARM gcc compiler'
arm-xilinx-eabi-gcc -Wall -O0 -g3 -c -fmessage-length=0 -I../../standalone_bsp_0/ps7_cortexa9_0/include -MMD -MP -MF"src/tmp.d" -MT"src/tmp.d" -o "src/tmp.o" "../src/tmp.c"
../src/tmp.c: In function 'Read_Tmp':
../src/tmp.c:21:2: warning: implicit declaration of function 'xil_printf' [-Wimplicit-function-declaration]
../src/tmp.c:16:6: warning: unused variable 'tmp' [-Wunused-variable]
'Finished building: ../src/tmp.c'
' '
'Building target: cxw.elf'
'Invoking: ARM gcc linker'
arm-xilinx-eabi-gcc -Wl,-T -Wl,../src/lscript.ld -L../../standalone_bsp_0/ps7_cortexa9_0/lib -o "cxw.elf"  ./src/i2c.o ./src/main.o ./src/tmp.o   -Wl,--start-group,-lxil,-lgcc,-lc,--end-group
'Finished building target: cxw.elf'
' '
'Invoking: ARM Print Size'
arm-xilinx-eabi-size cxw.elf  |tee "cxw.elf.size"
   text	   data	    bss	    dec	    hex	filename
  26556	   1160	  22660	  50376	   c4c8	cxw.elf
'Finished building: cxw.elf.size'
' '
12:11:32 **** Incremental Build of configuration Debug for project cxw ****
make all 
make: Nothing to be done for `all'.
12:13:42 **** Incremental Build of configuration Debug for project cxw ****
make all 
make: Nothing to be done for `all'.
12:14:53 **** Incremental Build of configuration Debug for project cxw ****
make all 
make: Nothing to be done for `all'.
12:15:45 **** Incremental Build of configuration Debug for project cxw ****
make all 
make: Nothing to be done for `all'.
12:16:20 **** Auto Build of configuration Debug for project cxw ****
make all 
'Building file: ../src/tmp.c'
'Invoking: ARM gcc compiler'
arm-xilinx-eabi-gcc -Wall -O0 -g3 -c -fmessage-length=0 -I../../standalone_bsp_0/ps7_cortexa9_0/include -MMD -MP -MF"src/tmp.d" -MT"src/tmp.d" -o "src/tmp.o" "../src/tmp.c"
../src/tmp.c: In function 'Read_Tmp':
../src/tmp.c:21:2: warning: implicit declaration of function 'xil_printf' [-Wimplicit-function-declaration]
../src/tmp.c:16:6: warning: unused variable 'tmp' [-Wunused-variable]
'Finished building: ../src/tmp.c'
' '
'Building target: cxw.elf'
'Invoking: ARM gcc linker'
arm-xilinx-eabi-gcc -Wl,-T -Wl,../src/lscript.ld -L../../standalone_bsp_0/ps7_cortexa9_0/lib -o "cxw.elf"  ./src/i2c.o ./src/main.o ./src/tmp.o   -Wl,--start-group,-lxil,-lgcc,-lc,--end-group
'Finished building target: cxw.elf'
' '
'Invoking: ARM Print Size'
arm-xilinx-eabi-size cxw.elf  |tee "cxw.elf.size"
   text	   data	    bss	    dec	    hex	filename
  26556	   1160	  22660	  50376	   c4c8	cxw.elf
'Finished building: cxw.elf.size'
' '
12:17:22 **** Incremental Build of configuration Debug for project cxw ****
make all 
make: Nothing to be done for `all'.
12:18:35 **** Incremental Build of configuration Debug for project cxw ****
make all 
make: Nothing to be done for `all'.
12:20:04 **** Incremental Build of configuration Debug for project cxw ****
make all 
make: Nothing to be done for `all'.
12:21:30 **** Auto Build of configuration Debug for project cxw ****
make all 
'Building file: ../src/tmp.c'
'Invoking: ARM gcc compiler'
arm-xilinx-eabi-gcc -Wall -O0 -g3 -c -fmessage-length=0 -I../../standalone_bsp_0/ps7_cortexa9_0/include -MMD -MP -MF"src/tmp.d" -MT"src/tmp.d" -o "src/tmp.o" "../src/tmp.c"
../src/tmp.c: In function 'Read_Tmp':
../src/tmp.c:20:2: warning: implicit declaration of function 'xil_printf' [-Wimplicit-function-declaration]
../src/tmp.c:16:6: warning: unused variable 'tmp' [-Wunused-variable]
'Finished building: ../src/tmp.c'
' '
'Building target: cxw.elf'
'Invoking: ARM gcc linker'
arm-xilinx-eabi-gcc -Wl,-T -Wl,../src/lscript.ld -L../../standalone_bsp_0/ps7_cortexa9_0/lib -o "cxw.elf"  ./src/i2c.o ./src/main.o ./src/tmp.o   -Wl,--start-group,-lxil,-lgcc,-lc,--end-group
'Finished building target: cxw.elf'
' '
'Invoking: ARM Print Size'
arm-xilinx-eabi-size cxw.elf  |tee "cxw.elf.size"
   text	   data	    bss	    dec	    hex	filename
  26588	   1152	  22660	  50400	   c4e0	cxw.elf
'Finished building: cxw.elf.size'
' '
12:22:31 **** Incremental Build of configuration Debug for project cxw ****
make all 
make: Nothing to be done for `all'.
